Archive member included to satisfy reference by file (symbol)

C:/Users/PFFTAH001/OneDrive - University of Cape Town/Desktop/EEE3095S/STM32CubeIDE_1.19.0/STM32CubeIDE/plugins/com.st.stm32cube.ide.mcu.externaltools.gnu-tools-for-stm32.13.3.rel1.win32_1.0.0.202411081344/tools/bin/../lib/gcc/arm-none-eabi/13.3.1/../../../../arm-none-eabi/lib/thumb/v7e-m+fp/hard\libc_nano.a(libc_a-exit.o)
                              C:/Users/PFFTAH001/OneDrive - University of Cape Town/Desktop/EEE3095S/STM32CubeIDE_1.19.0/STM32CubeIDE/plugins/com.st.stm32cube.ide.mcu.externaltools.gnu-tools-for-stm32.13.3.rel1.win32_1.0.0.202411081344/tools/bin/../lib/gcc/arm-none-eabi/13.3.1/../../../../arm-none-eabi/lib/thumb/v7e-m+fp/hard/crt0.o (exit)
C:/Users/PFFTAH001/OneDrive - University of Cape Town/Desktop/EEE3095S/STM32CubeIDE_1.19.0/STM32CubeIDE/plugins/com.st.stm32cube.ide.mcu.externaltools.gnu-tools-for-stm32.13.3.rel1.win32_1.0.0.202411081344/tools/bin/../lib/gcc/arm-none-eabi/13.3.1/../../../../arm-none-eabi/lib/thumb/v7e-m+fp/hard\libc_nano.a(libc_a-findfp.o)
                              C:/Users/PFFTAH001/OneDrive - University of Cape Town/Desktop/EEE3095S/STM32CubeIDE_1.19.0/STM32CubeIDE/plugins/com.st.stm32cube.ide.mcu.externaltools.gnu-tools-for-stm32.13.3.rel1.win32_1.0.0.202411081344/tools/bin/../lib/gcc/arm-none-eabi/13.3.1/../../../../arm-none-eabi/lib/thumb/v7e-m+fp/hard\libc_nano.a(libc_a-exit.o) (__stdio_exit_handler)
C:/Users/PFFTAH001/OneDrive - University of Cape Town/Desktop/EEE3095S/STM32CubeIDE_1.19.0/STM32CubeIDE/plugins/com.st.stm32cube.ide.mcu.externaltools.gnu-tools-for-stm32.13.3.rel1.win32_1.0.0.202411081344/tools/bin/../lib/gcc/arm-none-eabi/13.3.1/../../../../arm-none-eabi/lib/thumb/v7e-m+fp/hard\libc_nano.a(libc_a-fwalk.o)
                              C:/Users/PFFTAH001/OneDrive - University of Cape Town/Desktop/EEE3095S/STM32CubeIDE_1.19.0/STM32CubeIDE/plugins/com.st.stm32cube.ide.mcu.externaltools.gnu-tools-for-stm32.13.3.rel1.win32_1.0.0.202411081344/tools/bin/../lib/gcc/arm-none-eabi/13.3.1/../../../../arm-none-eabi/lib/thumb/v7e-m+fp/hard\libc_nano.a(libc_a-findfp.o) (_fwalk_sglue)
C:/Users/PFFTAH001/OneDrive - University of Cape Town/Desktop/EEE3095S/STM32CubeIDE_1.19.0/STM32CubeIDE/plugins/com.st.stm32cube.ide.mcu.externaltools.gnu-tools-for-stm32.13.3.rel1.win32_1.0.0.202411081344/tools/bin/../lib/gcc/arm-none-eabi/13.3.1/../../../../arm-none-eabi/lib/thumb/v7e-m+fp/hard\libc_nano.a(libc_a-snprintf.o)
                              build/main.o (snprintf)
C:/Users/PFFTAH001/OneDrive - University of Cape Town/Desktop/EEE3095S/STM32CubeIDE_1.19.0/STM32CubeIDE/plugins/com.st.stm32cube.ide.mcu.externaltools.gnu-tools-for-stm32.13.3.rel1.win32_1.0.0.202411081344/tools/bin/../lib/gcc/arm-none-eabi/13.3.1/../../../../arm-none-eabi/lib/thumb/v7e-m+fp/hard\libc_nano.a(libc_a-stdio.o)
                              C:/Users/PFFTAH001/OneDrive - University of Cape Town/Desktop/EEE3095S/STM32CubeIDE_1.19.0/STM32CubeIDE/plugins/com.st.stm32cube.ide.mcu.externaltools.gnu-tools-for-stm32.13.3.rel1.win32_1.0.0.202411081344/tools/bin/../lib/gcc/arm-none-eabi/13.3.1/../../../../arm-none-eabi/lib/thumb/v7e-m+fp/hard\libc_nano.a(libc_a-findfp.o) (__sread)
C:/Users/PFFTAH001/OneDrive - University of Cape Town/Desktop/EEE3095S/STM32CubeIDE_1.19.0/STM32CubeIDE/plugins/com.st.stm32cube.ide.mcu.externaltools.gnu-tools-for-stm32.13.3.rel1.win32_1.0.0.202411081344/tools/bin/../lib/gcc/arm-none-eabi/13.3.1/../../../../arm-none-eabi/lib/thumb/v7e-m+fp/hard\libc_nano.a(libc_a-memset.o)
                              C:/Users/PFFTAH001/OneDrive - University of Cape Town/Desktop/EEE3095S/STM32CubeIDE_1.19.0/STM32CubeIDE/plugins/com.st.stm32cube.ide.mcu.externaltools.gnu-tools-for-stm32.13.3.rel1.win32_1.0.0.202411081344/tools/bin/../lib/gcc/arm-none-eabi/13.3.1/../../../../arm-none-eabi/lib/thumb/v7e-m+fp/hard/crt0.o (memset)
C:/Users/PFFTAH001/OneDrive - University of Cape Town/Desktop/EEE3095S/STM32CubeIDE_1.19.0/STM32CubeIDE/plugins/com.st.stm32cube.ide.mcu.externaltools.gnu-tools-for-stm32.13.3.rel1.win32_1.0.0.202411081344/tools/bin/../lib/gcc/arm-none-eabi/13.3.1/../../../../arm-none-eabi/lib/thumb/v7e-m+fp/hard\libc_nano.a(libc_a-strncmp.o)
                              build/main.o (strncmp)
C:/Users/PFFTAH001/OneDrive - University of Cape Town/Desktop/EEE3095S/STM32CubeIDE_1.19.0/STM32CubeIDE/plugins/com.st.stm32cube.ide.mcu.externaltools.gnu-tools-for-stm32.13.3.rel1.win32_1.0.0.202411081344/tools/bin/../lib/gcc/arm-none-eabi/13.3.1/../../../../arm-none-eabi/lib/thumb/v7e-m+fp/hard\libc_nano.a(libc_a-strncpy.o)
                              build/main.o (strncpy)
C:/Users/PFFTAH001/OneDrive - University of Cape Town/Desktop/EEE3095S/STM32CubeIDE_1.19.0/STM32CubeIDE/plugins/com.st.stm32cube.ide.mcu.externaltools.gnu-tools-for-stm32.13.3.rel1.win32_1.0.0.202411081344/tools/bin/../lib/gcc/arm-none-eabi/13.3.1/../../../../arm-none-eabi/lib/thumb/v7e-m+fp/hard\libc_nano.a(libc_a-closer.o)
[...]
Memory Configuration

Name             Origin             Length             Attributes
RAM              0x20000000         0x00020000         xrw
FLASH            0x08000000         0x00040000         xr
*default*        0x00000000         0xffffffff

Linker script and memory map

LOAD C:/Users/PFFTAH001/OneDrive - University of Cape Town/Desktop/EEE3095S/STM32CubeIDE_1.19.0/STM32CubeIDE/plugins/com.st.stm32cube.ide.mcu.externaltools.gnu-tools-for-stm32.13.3.rel1.win32_1.0.0.202411081344/tools/bin/../lib/gcc/arm-none-eabi/13.3.1/thumb/v7e-m+fp/hard/crti.o
LOAD C:/Users/PFFTAH001/OneDrive - University of Cape Town/Desktop/EEE3095S/STM32CubeIDE_1.19.0/STM32CubeIDE/plugins/com.st.stm32cube.ide.mcu.externaltools.gnu-tools-for-stm32.13.3.rel1.win32_1.0.0.202411081344/tools/bin/../lib/gcc/arm-none-eabi/13.3.1/thumb/v7e-m+fp/hard/crtbegin.o
LOAD C:/Users/PFFTAH001/OneDrive - University of Cape Town/Desktop/EEE3095S/STM32CubeIDE_1.19.0/STM32CubeIDE/plugins/com.st.stm32cube.ide.mcu.externaltools.gnu-tools-for-stm32.13.3.rel1.win32_1.0.0.202411081344/tools/bin/../lib/gcc/arm-none-eabi/13.3.1/../../../../arm-none-eabi/lib/thumb/v7e-m+fp/hard/crt0.o
LOAD build/main.o
LOAD build/stm32f4xx_it.o
LOAD build/stm32f4xx_hal_msp.o
LOAD build/stm32f4xx_hal_uart.o
LOAD build/stm32f4xx_hal_rcc.o
LOAD build/stm32f4xx_hal_rcc_ex.o
LOAD build/stm32f4xx_hal_flash.o
LOAD build/stm32f4xx_hal_flash_ex.o
LOAD build/stm32f4xx_hal_flash_ramfunc.o
LOAD build/stm32f4xx_hal_gpio.o
LOAD build/stm32f4xx_hal_dma_ex.o
LOAD build/stm32f4xx_hal_dma.o
LOAD build/stm32f4xx_hal_pwr.o
LOAD build/stm32f4xx_hal_pwr_ex.o
LOAD build/stm32f4xx_hal_cortex.o
LOAD build/stm32f4xx_hal.o
LOAD build/stm32f4xx_hal_exti.o
LOAD build/system_stm32f4xx.o
LOAD build/sysmem.o
LOAD build/syscalls.o
LOAD build/startup_stm32f446xx.o
LOAD C:/Users/PFFTAH001/OneDrive - University of Cape Town/Desktop/EEE3095S/STM32CubeIDE_1.19.0/STM32CubeIDE/plugins/com.st.stm32cube.ide.mcu.externaltools.gnu-tools-for-stm32.13.3.rel1.win32_1.0.0.202411081344/tools/bin/../lib/gcc/arm-none-eabi/13.3.1/../../../../arm-none-eabi/lib/thumb/v7e-m+fp/hard\libc_nano.a
LOAD C:/Users/PFFTAH001/OneDrive - University of Cape Town/Desktop/EEE3095S/STM32CubeIDE_1.19.0/STM32CubeIDE/plugins/com.st.stm32cube.ide.mcu.externaltools.gnu-tools-for-stm32.13.3.rel1.win32_1.0.0.202411081344/tools/bin/../lib/gcc/arm-none-eabi/13.3.1/../../../../arm-none-eabi/lib/thumb/v7e-m+fp/hard\libm.a
LOAD C:/Users/PFFTAH001/OneDrive - University of Cape Town/Desktop/EEE3095S/STM32CubeIDE_1.19.0/STM32CubeIDE/plugins/com.st.stm32cube.ide.mcu.externaltools.gnu-tools-for-stm32.13.3.rel1.win32_1.0.0.202411081344/tools/bin/../lib/gcc/arm-none-eabi/13.3.1/../../../../arm-none-eabi/lib/thumb/v7e-m+fp/hard\libnosys.a
START GROUP
LOAD C:/Users/PFFTAH001/OneDrive - University of Cape Town/Desktop/EEE3095S/STM32CubeIDE_1.19.0/STM32CubeIDE/plugins/com.st.stm32cube.ide.mcu.externaltools.gnu-tools-for-stm32.13.3.rel1.win32_1.0.0.202411081344/tools/bin/../lib/gcc/arm-none-eabi/13.3.1/thumb/v7e-m+fp/hard\libgcc.a
LOAD C:/Users/PFFTAH001/OneDrive - University of Cape Town/Desktop/EEE3095S/STM32CubeIDE_1.19.0/STM32CubeIDE/plugins/com.st.stm32cube.ide.mcu.externaltools.gnu-tools-for-stm32.13.3.rel1.win32_1.0.0.202411081344/tools/bin/../lib/gcc/arm-none-eabi/13.3.1/../../../../arm-none-eabi/lib/thumb/v7e-m+fp/hard\libc_nano.a
END GROUP
START GROUP
LOAD C:/Users/PFFTAH001/OneDrive - University of Cape Town/Desktop/EEE3095S/STM32CubeIDE_1.19.0/STM32CubeIDE/plugins/com.st.stm32cube.ide.mcu.externaltools.gnu-tools-for-stm32.13.3.rel1.win32_1.0.0.202411081344/tools/bin/../lib/gcc/arm-none-eabi/13.3.1/thumb/v7e-m+fp/hard\libgcc.a
LOAD C:/Users/PFFTAH001/OneDrive - University of Cape Town/Desktop/EEE3095S/STM32CubeIDE_1.19.0/STM32CubeIDE/plugins/com.st.stm32cube.ide.mcu.externaltools.gnu-tools-for-stm32.13.3.rel1.win32_1.0.0.202411081344/tools/bin/../lib/gcc/arm-none-eabi/13.3.1/../../../../arm-none-eabi/lib/thumb/v7e-m+fp/hard\libc_nano.a
END GROUP
LOAD C:/Users/PFFTAH001/OneDrive - University of Cape Town/Desktop/EEE3095S/STM32CubeIDE_1.19.0/STM32CubeIDE/plugins/com.st.stm32cube.ide.mcu.externaltools.gnu-tools-for-stm32.13.3.rel1.win32_1.0.0.202411081344/tools/bin/../lib/gcc/arm-none-eabi/13.3.1/thumb/v7e-m+fp/hard/crtend.o
LOAD C:/Users/PFFTAH001/OneDrive - University of Cape Town/Desktop/EEE3095S/STM32CubeIDE_1.19.0/STM32CubeIDE/plugins/com.st.stm32cube.ide.mcu.externaltools.gnu-tools-for-stm32.13.3.rel1.win32_1.0.0.202411081344/tools/bin/../lib/gcc/arm-none-eabi/13.3.1/thumb/v7e-m+fp/hard/crtn.o
                0x20020000                        _estack = (ORIGIN (RAM) + LENGTH (RAM))
                0x00000200                        _Min_Heap_Size = 0x200
                0x00000400                        _Min_Stack_Size = 0x400

.isr_vector     0x08000000      0x1c4
                0x08000000                        . = ALIGN (0x4)
 *(.isr_vector)
 .isr_vector    0x08000000      0x1c4 build/startup_stm32f446xx.o
                0x08000000                g_pfnVectors
                0x080001c4                        . = ALIGN (0x4)

.text           0x080001d0     0x2688
                0x080001d0                        . = ALIGN (0x4)
 *(.text)
 .text          0x080001d0       0x40 C:/Users/PFFTAH001/OneDrive - University of Cape Town/Desktop/EEE3095S/STM32CubeIDE_1.19.0/STM32CubeIDE/plugins/com.st.stm32cube.ide.mcu.externaltools.gnu-tools-for-stm32.13.3.rel1.win32_1.0.0.202411081344/tools/bin/../lib/gcc/arm-none-eabi/13.3.1/thumb/v7e-m+fp/hard/crtbegin.o
 .text          0x08000210       0x14 C:/Users/PFFTAH001/OneDrive - University of Cape Town/Desktop/EEE3095S/STM32CubeIDE_1.19.0/STM32CubeIDE/plugins/com.st.stm32cube.ide.mcu.externaltools.gnu-tools-for-stm32.13.3.rel1.win32_1.0.0.202411081344/tools/bin/../lib/gcc/arm-none-eabi/13.3.1/../../../../arm-none-eabi/lib/thumb/v7e-m+fp/hard\libc_nano.a(libc_a-strcmp.o)
                0x08000210                strcmp
 .text          0x08000224       0x10 C:/Users/PFFTAH001/OneDrive - University of Cape Town/Desktop/EEE3095S/STM32CubeIDE_1.19.0/STM32CubeIDE/plugins/com.st.stm32cube.ide.mcu.externaltools.gnu-tools-for-stm32.13.3.rel1.win32_1.0.0.202411081344/tools/bin/../lib/gcc/arm-none-eabi/13.3.1/../../../../arm-none-eabi/lib/thumb/v7e-m+fp/hard\libc_nano.a(libc_a-strlen.o)
                0x08000224                strlen
 *fill*         0x08000234        0xc 
 .text          0x08000240       0xa0 C:/Users/PFFTAH001/OneDrive - University of Cape Town/Desktop/EEE3095S/STM32CubeIDE_1.19.0/STM32CubeIDE/plugins/com.st.stm32cube.ide.mcu.externaltools.gnu-tools-for-stm32.13.3.rel1.win32_1.0.0.202411081344/tools/bin/../lib/gcc/arm-none-eabi/13.3.1/../../../../arm-none-eabi/lib/thumb/v7e-m+fp/hard\libc_nano.a(libc_a-memchr.o)
                0x08000240                memchr
 .text          0x080002e0       0x30 C:/Users/PFFTAH001/OneDrive - University of Cape Town/Desktop/EEE3095S/STM32CubeIDE_1.19.0/STM32CubeIDE/plugins/com.st.stm32cube.ide.mcu.externaltools.gnu-tools-for-stm32.13.3.rel1.win32_1.0.0.202411081344/tools/bin/../lib/gcc/arm-none-eabi/13.3.1/thumb/v7e-m+fp/hard\libgcc.a(_aeabi_uldivmod.o)
                0x080002e0                __aeabi_uldivmod
 .text          0x08000310      0x2f8 C:/Users/PFFTAH001/OneDrive - University of Cape Town/Desktop/EEE3095S/STM32CubeIDE_1.19.0/STM32CubeIDE/plugins/com.st.stm32cube.ide.mcu.externaltools.gnu-tools-for-stm32.13.3.rel1.win32_1.0.0.202411081344/tools/bin/../lib/gcc/arm-none-eabi/13.3.1/thumb/v7e-m+fp/hard\libgcc.a(_udivmoddi4.o)
                0x08000310                __udivmoddi4
 .text          0x08000608        0x4 C:/Users/PFFTAH001/OneDrive - University of Cape Town/Desktop/EEE3095S/STM32CubeIDE_1.19.0/STM32CubeIDE/plugins/com.st.stm32cube.ide.mcu.externaltools.gnu-tools-for-stm32.13.3.rel1.win32_1.0.0.202411081344/tools/bin/../lib/gcc/arm-none-eabi/13.3.1/thumb/v7e-m+fp/hard\libgcc.a(_dvmd_tls.o)
                0x08000608                __aeabi_idiv0
                0x08000608                __aeabi_ldiv0
 *(.text*)
 .text.MX_GPIO_Init
                0x0800060c       0x68 build/main.o
 .text.Error_Handler
                0x08000674        0x4 build/main.o
                0x08000674                Error_Handler
 .text.MX_USART1_UART_Init
                0x08000678       0x8c build/main.o
 .text.SystemClock_Config
                0x08000704       0xa4 build/main.o
                0x08000704                SystemClock_Config
 .text.main     0x080007a8      0x1e0 build/main.o
                0x080007a8                main
 .text.NMI_Handler
                0x08000988        0x2 build/stm32f4xx_it.o
                0x08000988                NMI_Handler
 .text.HardFault_Handler
                0x0800098a        0x2 build/stm32f4xx_it.o
                0x0800098a                HardFault_Handler
 .text.MemManage_Handler
                0x0800098c        0x2 build/stm32f4xx_it.o
                0x0800098c                MemManage_Handler
 .text.BusFault_Handler
                0x0800098e        0x2 build/stm32f4xx_it.o
                0x0800098e                BusFault_Handler
 .text.UsageFault_Handler
                0x08000990        0x2 build/stm32f4xx_it.o
                0x08000990                UsageFault_Handler
 .text.SVC_Handler
                0x08000992        0x2 build/stm32f4xx_it.o
                0x08000992                SVC_Handler
 .text.DebugMon_Handler
                0x08000994        0x2 build/stm32f4xx_it.o
                0x08000994                DebugMon_Handler
 .text.PendSV_Handler
                0x08000996        0x2 build/stm32f4xx_it.o
                0x08000996                PendSV_Handler
 .text.SysTick_Handler
                0x08000998        0x8 build/stm32f4xx_it.o
                0x08000998                SysTick_Handler
 .text.USART1_IRQHandler
                0x080009a0       0x10 build/stm32f4xx_it.o
                0x080009a0                USART1_IRQHandler
 .text.HAL_MspInit
                0x080009b0       0x38 build/stm32f4xx_hal_msp.o
                0x080009b0                HAL_MspInit
 .text.HAL_UART_MspInit
                0x080009e8       0x80 build/stm32f4xx_hal_msp.o
                0x080009e8                HAL_UART_MspInit
 .text.UART_EndRxTransfer
                0x08000a68       0x5c build/stm32f4xx_hal_uart.o
 .text.UART_Transmit_IT
                0x08000ac4       0x60 build/stm32f4xx_hal_uart.o
 .text.UART_SetConfig
                0x08000b24      0x110 build/stm32f4xx_hal_uart.o
 .text.UART_WaitOnFlagUntilTimeout
                0x08000c34       0x86 build/stm32f4xx_hal_uart.o
 .text.HAL_UART_Init
                0x08000cba       0x60 build/stm32f4xx_hal_uart.o
                0x08000cba                HAL_UART_Init
 .text.HAL_UART_Transmit
                0x08000d1a       0xcc build/stm32f4xx_hal_uart.o
                0x08000d1a                HAL_UART_Transmit
 .text.HAL_UART_Receive
                0x08000de6       0xd2 build/stm32f4xx_hal_uart.o
                0x08000de6                HAL_UART_Receive
 .text.HAL_UART_TxCpltCallback
                0x08000eb8        0x2 build/stm32f4xx_hal_uart.o
                0x08000eb8                HAL_UART_TxCpltCallback
 .text.UART_EndTransmit_IT
                0x08000eba       0x1a build/stm32f4xx_hal_uart.o
 .text.HAL_UART_RxCpltCallback
                0x08000ed4        0x2 build/stm32f4xx_hal_uart.o
                0x08000ed4                HAL_UART_RxCpltCallback
 .text.HAL_UART_ErrorCallback
                0x08000ed6        0x2 build/stm32f4xx_hal_uart.o
                0x08000ed6                HAL_UART_ErrorCallback
 .text.UART_DMAAbortOnError
                0x08000ed8        0xe build/stm32f4xx_hal_uart.o
 .text.HAL_UARTEx_RxEventCallback
                0x08000ee6        0x2 build/stm32f4xx_hal_uart.o
                0x08000ee6                HAL_UARTEx_RxEventCallback
 .text.UART_Receive_IT
                0x08000ee8       0xe6 build/stm32f4xx_hal_uart.o
 *fill*         0x08000fce        0x2 
 .text.HAL_UART_IRQHandler
                0x08000fd0      0x2a0 build/stm32f4xx_hal_uart.o
                0x08000fd0                HAL_UART_IRQHandler
 .text.HAL_RCC_ClockConfig
                0x08001270      0x160 build/stm32f4xx_hal_rcc.o
                0x08001270                HAL_RCC_ClockConfig
 .text.HAL_RCC_GetHCLKFreq
                0x080013d0        0xc build/stm32f4xx_hal_rcc.o
                0x080013d0                HAL_RCC_GetHCLKFreq
 .text.HAL_RCC_GetPCLK1Freq
                0x080013dc       0x20 build/stm32f4xx_hal_rcc.o
                0x080013dc                HAL_RCC_GetPCLK1Freq
 .text.HAL_RCC_GetPCLK2Freq
                0x080013fc       0x20 build/stm32f4xx_hal_rcc.o
                0x080013fc                HAL_RCC_GetPCLK2Freq
 .text.HAL_RCC_GetSysClockFreq
                0x0800141c      0x128 build/stm32f4xx_hal_rcc_ex.o
                0x0800141c                HAL_RCC_GetSysClockFreq
 .text.HAL_RCC_OscConfig
                0x08001544      0x444 build/stm32f4xx_hal_rcc_ex.o
                0x08001544                HAL_RCC_OscConfig
 .text.HAL_GPIO_Init
                0x08001988      0x1e0 build/stm32f4xx_hal_gpio.o
                0x08001988                HAL_GPIO_Init
 .text.HAL_GPIO_WritePin
                0x08001b68        0xc build/stm32f4xx_hal_gpio.o
                0x08001b68                HAL_GPIO_WritePin
 .text.HAL_DMA_Abort
                0x08001b74       0x94 build/stm32f4xx_hal_dma.o
                0x08001b74                HAL_DMA_Abort
 .text.HAL_DMA_Abort_IT
                0x08001c08       0x26 build/stm32f4xx_hal_dma.o
                0x08001c08                HAL_DMA_Abort_IT
 *fill*         0x08001c2e        0x2 
 .text.__NVIC_EnableIRQ
                0x08001c30       0x1c build/stm32f4xx_hal_cortex.o
 .text.__NVIC_SetPriority
                0x08001c4c       0x28 build/stm32f4xx_hal_cortex.o
 .text.NVIC_EncodePriority
                0x08001c74       0x3e build/stm32f4xx_hal_cortex.o
 *fill*         0x08001cb2        0x2 
 .text.HAL_NVIC_SetPriorityGrouping
                0x08001cb4       0x24 build/stm32f4xx_hal_cortex.o
                0x08001cb4                HAL_NVIC_SetPriorityGrouping
 .text.HAL_NVIC_SetPriority
                0x08001cd8       0x20 build/stm32f4xx_hal_cortex.o
                0x08001cd8                HAL_NVIC_SetPriority
 .text.HAL_NVIC_EnableIRQ
                0x08001cf8        0x8 build/stm32f4xx_hal_cortex.o
                0x08001cf8                HAL_NVIC_EnableIRQ
 .text.HAL_SYSTICK_Config
                0x08001d00       0x28 build/stm32f4xx_hal_cortex.o
                0x08001d00                HAL_SYSTICK_Config
 .text.HAL_InitTick
                0x08001d28       0x4c build/stm32f4xx_hal.o
                0x08001d28                HAL_InitTick
 .text.HAL_Init
                0x08001d74       0x34 build/stm32f4xx_hal.o
                0x08001d74                HAL_Init
 .text.HAL_IncTick
                0x08001da8       0x18 build/stm32f4xx_hal.o
                0x08001da8                HAL_IncTick
 .text.HAL_GetTick
                0x08001dc0        0xc build/stm32f4xx_hal.o
                0x08001dc0                HAL_GetTick
 .text.SystemInit
                0x08001dcc       0x14 build/system_stm32f4xx.o
                0x08001dcc                SystemInit
 .text._sbrk    0x08001de0       0x48 build/sysmem.o
                0x08001de0                _sbrk
 .text.Reset_Handler
                0x08001e28       0x50 build/startup_stm32f446xx.o
                0x08001e28                Reset_Handler
 .text.Default_Handler
                0x08001e78        0x2 build/startup_stm32f446xx.o
                0x08001e78                RTC_Alarm_IRQHandler
                0x08001e78                EXTI2_IRQHandler
                0x08001e78                TIM8_CC_IRQHandler
                0x08001e78                FMPI2C1_EV_IRQHandler
                0x08001e78                SPI4_IRQHandler
                0x08001e78                TIM1_CC_IRQHandler
                0x08001e78                DMA2_Stream5_IRQHandler
                0x08001e78                DMA1_Stream5_IRQHandler
                0x08001e78                PVD_IRQHandler
                0x08001e78                SDIO_IRQHandler
                0x08001e78                TAMP_STAMP_IRQHandler
                0x08001e78                CAN2_RX1_IRQHandler
                0x08001e78                EXTI3_IRQHandler
                0x08001e78                TIM8_TRG_COM_TIM14_IRQHandler
                0x08001e78                TIM1_UP_TIM10_IRQHandler
                0x08001e78                TIM8_UP_TIM13_IRQHandler
                0x08001e78                I2C3_ER_IRQHandler
                0x08001e78                EXTI0_IRQHandler
                0x08001e78                I2C2_EV_IRQHandler
                0x08001e78                DMA1_Stream2_IRQHandler
                0x08001e78                CAN1_RX0_IRQHandler
                0x08001e78                FPU_IRQHandler
                0x08001e78                OTG_HS_WKUP_IRQHandler
                0x08001e78                CAN2_SCE_IRQHandler
                0x08001e78                DMA2_Stream2_IRQHandler
                0x08001e78                SPI1_IRQHandler
                0x08001e78                TIM6_DAC_IRQHandler
                0x08001e78                TIM1_BRK_TIM9_IRQHandler
                0x08001e78                DCMI_IRQHandler
                0x08001e78                CAN2_RX0_IRQHandler
                0x08001e78                DMA2_Stream3_IRQHandler
                0x08001e78                SAI2_IRQHandler
                0x08001e78                USART6_IRQHandler
                0x08001e78                USART3_IRQHandler
                0x08001e78                CAN1_RX1_IRQHandler
                0x08001e78                UART5_IRQHandler
                0x08001e78                DMA2_Stream0_IRQHandler
                0x08001e78                TIM4_IRQHandler
                0x08001e78                QUADSPI_IRQHandler
                0x08001e78                I2C1_EV_IRQHandler
                0x08001e78                DMA1_Stream6_IRQHandler
                0x08001e78                DMA1_Stream1_IRQHandler
                0x08001e78                UART4_IRQHandler
                0x08001e78                TIM3_IRQHandler
                0x08001e78                RCC_IRQHandler
                0x08001e78                TIM8_BRK_TIM12_IRQHandler
                0x08001e78                Default_Handler
                0x08001e78                CEC_IRQHandler
                0x08001e78                EXTI15_10_IRQHandler
                0x08001e78                ADC_IRQHandler
                0x08001e78                DMA1_Stream7_IRQHandler
                0x08001e78                TIM7_IRQHandler
                0x08001e78                CAN2_TX_IRQHandler
                0x08001e78                TIM5_IRQHandler
                0x08001e78                DMA2_Stream7_IRQHandler
                0x08001e78                I2C3_EV_IRQHandler
                0x08001e78                EXTI9_5_IRQHandler
                0x08001e78                RTC_WKUP_IRQHandler
                0x08001e78                SPDIF_RX_IRQHandler
                0x08001e78                SPI2_IRQHandler
                0x08001e78                OTG_HS_EP1_IN_IRQHandler
                0x08001e78                DMA1_Stream0_IRQHandler
                0x08001e78                CAN1_TX_IRQHandler
                0x08001e78                FMPI2C1_ER_IRQHandler
                0x08001e78                EXTI4_IRQHandler
                0x08001e78                OTG_HS_EP1_OUT_IRQHandler
                0x08001e78                WWDG_IRQHandler
                0x08001e78                TIM2_IRQHandler
                0x08001e78                OTG_FS_WKUP_IRQHandler
                0x08001e78                TIM1_TRG_COM_TIM11_IRQHandler
                0x08001e78                OTG_HS_IRQHandler
                0x08001e78                EXTI1_IRQHandler
                0x08001e78                USART2_IRQHandler
                0x08001e78                I2C2_ER_IRQHandler
                0x08001e78                DMA2_Stream1_IRQHandler
                0x08001e78                CAN1_SCE_IRQHandler
                0x08001e78                FLASH_IRQHandler
                0x08001e78                DMA2_Stream4_IRQHandler
                0x08001e78                OTG_FS_IRQHandler
                0x08001e78                SPI3_IRQHandler
                0x08001e78                DMA1_Stream4_IRQHandler
                0x08001e78                I2C1_ER_IRQHandler
                0x08001e78                FMC_IRQHandler
                0x08001e78                DMA2_Stream6_IRQHandler
                0x08001e78                SAI1_IRQHandler
                0x08001e78                DMA1_Stream3_IRQHandler
 *fill*         0x08001e7a        0x2 
 .text.snprintf
                0x08001e7c       0x6c C:/Users/PFFTAH001/OneDrive - University of Cape Town/Desktop/EEE3095S/STM32CubeIDE_1.19.0/STM32CubeIDE/plugins/com.st.stm32cube.ide.mcu.externaltools.gnu-tools-for-stm32.13.3.rel1.win32_1.0.0.202411081344/tools/bin/../lib/gcc/arm-none-eabi/13.3.1/../../../../arm-none-eabi/lib/thumb/v7e-m+fp/hard\libc_nano.a(libc_a-snprintf.o)
                0x08001e7c                sniprintf
                0x08001e7c                snprintf
 .text.memset   0x08001ee8       0x10 C:/Users/PFFTAH001/OneDrive - University of Cape Town/Desktop/EEE3095S/STM32CubeIDE_1.19.0/STM32CubeIDE/plugins/com.st.stm32cube.ide.mcu.externaltools.gnu-tools-for-stm32.13.3.rel1.win32_1.0.0.202411081344/tools/bin/../lib/gcc/arm-none-eabi/13.3.1/../../../../arm-none-eabi/lib/thumb/v7e-m+fp/hard\libc_nano.a(libc_a-memset.o)
                0x08001ee8                memset
 .text.strncmp  0x08001ef8       0x24 C:/Users/PFFTAH001/OneDrive - University of Cape Town/Desktop/EEE3095S/STM32CubeIDE_1.19.0/STM32CubeIDE/plugins/com.st.stm32cube.ide.mcu.externaltools.gnu-tools-for-stm32.13.3.rel1.win32_1.0.0.202411081344/tools/bin/../lib/gcc/arm-none-eabi/13.3.1/../../../../arm-none-eabi/lib/thumb/v7e-m+fp/hard\libc_nano.a(libc_a-strncmp.o)
                0x08001ef8                strncmp
 .text.strncpy  0x08001f1c       0x26 C:/Users/PFFTAH001/OneDrive - University of Cape Town/Desktop/EEE3095S/STM32CubeIDE_1.19.0/STM32CubeIDE/plugins/com.st.stm32cube.ide.mcu.externaltools.gnu-tools-for-stm32.13.3.rel1.win32_1.0.0.202411081344/tools/bin/../lib/gcc/arm-none-eabi/13.3.1/../../../../arm-none-eabi/lib/thumb/v7e-m+fp/hard\libc_nano.a(libc_a-strncpy.o)
                0x08001f1c                strncpy
 *fill*         0x08001f42        0x2 
 .text.__errno  0x08001f44        0xc C:/Users/PFFTAH001/OneDrive - University of Cape Town/Desktop/EEE3095S/STM32CubeIDE_1.19.0/STM32CubeIDE/plugins/com.st.stm32cube.ide.mcu.externaltools.gnu-tools-for-stm32.13.3.rel1.win32_1.0.0.202411081344/tools/bin/../lib/gcc/arm-none-eabi/13.3.1/../../../../arm-none-eabi/lib/thumb/v7e-m+fp/hard\libc_nano.a(libc_a-errno.o)
                0x08001f44                __errno
 .text.__libc_init_array
                0x08001f50       0x48 C:/Users/PFFTAH001/OneDrive - University of Cape Town/Desktop/EEE3095S/STM32CubeIDE_1.19.0/STM32CubeIDE/plugins/com.st.stm32cube.ide.mcu.externaltools.gnu-tools-for-stm32.13.3.rel1.win32_1.0.0.202411081344/tools/bin/../lib/gcc/arm-none-eabi/13.3.1/../../../../arm-none-eabi/lib/thumb/v7e-m+fp/hard\libc_nano.a(libc_a-init.o)
                0x08001f50                __libc_init_array
 .text.__retarget_lock_acquire_recursive
                0x08001f98        0x2 C:/Users/PFFTAH001/OneDrive - University of Cape Town/Desktop/EEE3095S/STM32CubeIDE_1.19.0/STM32CubeIDE/plugins/com.st.stm32cube.ide.mcu.externaltools.gnu-tools-for-stm32.13.3.rel1.win32_1.0.0.202411081344/tools/bin/../lib/gcc/arm-none-eabi/13.3.1/../../../../arm-none-eabi/lib/thumb/v7e-m+fp/hard\libc_nano.a(libc_a-lock.o)
                0x08001f98                __retarget_lock_acquire_recursive
 .text.__retarget_lock_release_recursive
                0x08001f9a        0x2 C:/Users/PFFTAH001/OneDrive - University of Cape Town/Desktop/EEE3095S/STM32CubeIDE_1.19.0/STM32CubeIDE/plugins/com.st.stm32cube.ide.mcu.externaltools.gnu-tools-for-stm32.13.3.rel1.win32_1.0.0.202411081344/tools/bin/../lib/gcc/arm-none-eabi/13.3.1/../../../../arm-none-eabi/lib/thumb/v7e-m+fp/hard\libc_nano.a(libc_a-lock.o)
                0x08001f9a                __retarget_lock_release_recursive
 .text.strcpy   0x08001f9c       0x10 C:/Users/PFFTAH001/OneDrive - University of Cape Town/Desktop/EEE3095S/STM32CubeIDE_1.19.0/STM32CubeIDE/plugins/com.st.stm32cube.ide.mcu.externaltools.gnu-tools-for-stm32.13.3.rel1.win32_1.0.0.202411081344/tools/bin/../lib/gcc/arm-none-eabi/13.3.1/../../../../arm-none-eabi/lib/thumb/v7e-m+fp/hard\libc_nano.a(libc_a-strcpy.o)
                0x08001f9c                strcpy
 .text._free_r  0x08001fac       0x94 C:/Users/PFFTAH001/OneDrive - University of Cape Town/Desktop/EEE3095S/STM32CubeIDE_1.19.0/STM32CubeIDE/plugins/com.st.stm32cube.ide.mcu.externaltools.gnu-tools-for-stm32.13.3.rel1.win32_1.0.0.202411081344/tools/bin/../lib/gcc/arm-none-eabi/13.3.1/../../../../arm-none-eabi/lib/thumb/v7e-m+fp/hard\libc_nano.a(libc_a-freer.o)
                0x08001fac                _free_r
 .text.sbrk_aligned
                0x08002040       0x44 C:/Users/PFFTAH001/OneDrive - University of Cape Town/Desktop/EEE3095S/STM32CubeIDE_1.19.0/STM32CubeIDE/plugins/com.st.stm32cube.ide.mcu.externaltools.gnu-tools-for-stm32.13.3.rel1.win32_1.0.0.202411081344/tools/bin/../lib/gcc/arm-none-eabi/13.3.1/../../../../arm-none-eabi/lib/thumb/v7e-m+fp/hard\libc_nano.a(libc_a-mallocr.o)
 .text._malloc_r
                0x08002084      0x100 C:/Users/PFFTAH001/OneDrive - University of Cape Town/Desktop/EEE3095S/STM32CubeIDE_1.19.0/STM32CubeIDE/plugins/com.st.stm32cube.ide.mcu.externaltools.gnu-tools-for-stm32.13.3.rel1.win32_1.0.0.202411081344/tools/bin/../lib/gcc/arm-none-eabi/13.3.1/../../../../arm-none-eabi/lib/thumb/v7e-m+fp/hard\libc_nano.a(libc_a-mallocr.o)
                0x08002084                _malloc_r
 .text.__malloc_lock
                0x08002184        0xc C:/Users/PFFTAH001/OneDrive - University of Cape Town/Desktop/EEE3095S/STM32CubeIDE_1.19.0/STM32CubeIDE/plugins/com.st.stm32cube.ide.mcu.externaltools.gnu-tools-for-stm32.13.3.rel1.win32_1.0.0.202411081344/tools/bin/../lib/gcc/arm-none-eabi/13.3.1/../../../../arm-none-eabi/lib/thumb/v7e-m+fp/hard\libc_nano.a(libc_a-mlock.o)
                0x08002184                __malloc_lock
 .text.__malloc_unlock
                0x08002190        0xc C:/Users/PFFTAH001/OneDrive - University of Cape Town/Desktop/EEE3095S/STM32CubeIDE_1.19.0/STM32CubeIDE/plugins/com.st.stm32cube.ide.mcu.externaltools.gnu-tools-for-stm32.13.3.rel1.win32_1.0.0.202411081344/tools/bin/../lib/gcc/arm-none-eabi/13.3.1/../../../../arm-none-eabi/lib/thumb/v7e-m+fp/hard\libc_nano.a(libc_a-mlock.o)
                0x08002190                __malloc_unlock
 .text.__ssputs_r
                0x0800219c       0xb6 C:/Users/PFFTAH001/OneDrive - University of Cape Town/Desktop/EEE3095S/STM32CubeIDE_1.19.0/STM32CubeIDE/plugins/com.st.stm32cube.ide.mcu.externaltools.gnu-tools-for-stm32.13.3.rel1.win32_1.0.0.202411081344/tools/bin/../lib/gcc/arm-none-eabi/13.3.1/../../../../arm-none-eabi/lib/thumb/v7e-m+fp/hard\libc_nano.a(libc_a-nano-svfprintf.o)
                0x0800219c                __ssputs_r
 *fill*         0x08002252        0x2 
 .text._svfprintf_r
                0x08002254      0x1f8 C:/Users/PFFTAH001/OneDrive - University of Cape Town/Desktop/EEE3095S/STM32CubeIDE_1.19.0/STM32CubeIDE/plugins/com.st.stm32cube.ide.mcu.externaltools.gnu-tools-for-stm32.13.3.rel1.win32_1.0.0.202411081344/tools/bin/../lib/gcc/arm-none-eabi/13.3.1/../../../../arm-none-eabi/lib/thumb/v7e-m+fp/hard\libc_nano.a(libc_a-nano-svfprintf.o)
                0x08002254                _svfiprintf_r
                0x08002254                _svfprintf_r
 .text._printf_common
                0x0800244c       0xda C:/Users/PFFTAH001/OneDrive - University of Cape Town/Desktop/EEE3095S/STM32CubeIDE_1.19.0/STM32CubeIDE/plugins/com.st.stm32cube.ide.mcu.externaltools.gnu-tools-for-stm32.13.3.rel1.win32_1.0.0.202411081344/tools/bin/../lib/gcc/arm-none-eabi/13.3.1/../../../../arm-none-eabi/lib/thumb/v7e-m+fp/hard\libc_nano.a(libc_a-nano-vfprintf_i.o)
                0x0800244c                _printf_common
 *fill*         0x08002526        0x2 
 .text._printf_i
                0x08002528      0x23c C:/Users/PFFTAH001/OneDrive - University of Cape Town/Desktop/EEE3095S/STM32CubeIDE_1.19.0/STM32CubeIDE/plugins/com.st.stm32cube.ide.mcu.externaltools.gnu-tools-for-stm32.13.3.rel1.win32_1.0.0.202411081344/tools/bin/../lib/gcc/arm-none-eabi/13.3.1/../../../../arm-none-eabi/lib/thumb/v7e-m+fp/hard\libc_nano.a(libc_a-nano-vfprintf_i.o)
                0x08002528                _printf_i
 .text.memmove  0x08002764       0x34 C:/Users/PFFTAH001/OneDrive - University of Cape Town/Desktop/EEE3095S/STM32CubeIDE_1.19.0/STM32CubeIDE/plugins/com.st.stm32cube.ide.mcu.externaltools.gnu-tools-for-stm32.13.3.rel1.win32_1.0.0.202411081344/tools/bin/../lib/gcc/arm-none-eabi/13.3.1/../../../../arm-none-eabi/lib/thumb/v7e-m+fp/hard\libc_nano.a(libc_a-memmove.o)
                0x08002764                memmove
 .text._sbrk_r  0x08002798       0x20 C:/Users/PFFTAH001/OneDrive - University of Cape Town/Desktop/EEE3095S/STM32CubeIDE_1.19.0/STM32CubeIDE/plugins/com.st.stm32cube.ide.mcu.externaltools.gnu-tools-for-stm32.13.3.rel1.win32_1.0.0.202411081344/tools/bin/../lib/gcc/arm-none-eabi/13.3.1/../../../../arm-none-eabi/lib/thumb/v7e-m+fp/hard\libc_nano.a(libc_a-sbrkr.o)
                0x08002798                _sbrk_r
 .text.memcpy   0x080027b8       0x1c C:/Users/PFFTAH001/OneDrive - University of Cape Town/Desktop/EEE3095S/STM32CubeIDE_1.19.0/STM32CubeIDE/plugins/com.st.stm32cube.ide.mcu.externaltools.gnu-tools-for-stm32.13.3.rel1.win32_1.0.0.202411081344/tools/bin/../lib/gcc/arm-none-eabi/13.3.1/../../../../arm-none-eabi/lib/thumb/v7e-m+fp/hard\libc_nano.a(libc_a-memcpy-stub.o)
                0x080027b8                memcpy
 .text._realloc_r
                0x080027d4       0x5c C:/Users/PFFTAH001/OneDrive - University of Cape Town/Desktop/EEE3095S/STM32CubeIDE_1.19.0/STM32CubeIDE/plugins/com.st.stm32cube.ide.mcu.externaltools.gnu-tools-for-stm32.13.3.rel1.win32_1.0.0.202411081344/tools/bin/../lib/gcc/arm-none-eabi/13.3.1/../../../../arm-none-eabi/lib/thumb/v7e-m+fp/hard\libc_nano.a(libc_a-reallocr.o)
                0x080027d4                _realloc_r
 .text._malloc_usable_size_r
                0x08002830       0x10 C:/Users/PFFTAH001/OneDrive - University of Cape Town/Desktop/EEE3095S/STM32CubeIDE_1.19.0/STM32CubeIDE/plugins/com.st.stm32cube.ide.mcu.externaltools.gnu-tools-for-stm32.13.3.rel1.win32_1.0.0.202411081344/tools/bin/../lib/gcc/arm-none-eabi/13.3.1/../../../../arm-none-eabi/lib/thumb/v7e-m+fp/hard\libc_nano.a(libc_a-msizer.o)
                0x08002830                _malloc_usable_size_r
 *(.glue_7)
 .glue_7        0x08002840        0x0 linker stubs
 *(.glue_7t)
 .glue_7t       0x08002840        0x0 linker stubs
 *(.eh_frame)
 .eh_frame      0x08002840        0x0 C:/Users/PFFTAH001/OneDrive - University of Cape Town/Desktop/EEE3095S/STM32CubeIDE_1.19.0/STM32CubeIDE/plugins/com.st.stm32cube.ide.mcu.externaltools.gnu-tools-for-stm32.13.3.rel1.win32_1.0.0.202411081344/tools/bin/../lib/gcc/arm-none-eabi/13.3.1/thumb/v7e-m+fp/hard/crtbegin.o
 *(.init)
 .init          0x08002840        0x4 C:/Users/PFFTAH001/OneDrive - University of Cape Town/Desktop/EEE3095S/STM32CubeIDE_1.19.0/STM32CubeIDE/plugins/com.st.stm32cube.ide.mcu.externaltools.gnu-tools-for-stm32.13.3.rel1.win32_1.0.0.202411081344/tools/bin/../lib/gcc/arm-none-eabi/13.3.1/thumb/v7e-m+fp/hard/crti.o
                0x08002840                _init
 .init          0x08002844        0x8 C:/Users/PFFTAH001/OneDrive - University of Cape Town/Desktop/EEE3095S/STM32CubeIDE_1.19.0/STM32CubeIDE/plugins/com.st.stm32cube.ide.mcu.externaltools.gnu-tools-for-stm32.13.3.rel1.win32_1.0.0.202411081344/tools/bin/../lib/gcc/arm-none-eabi/13.3.1/thumb/v7e-m+fp/hard/crtn.o
 *(.fini)
 .fini          0x0800284c        0x4 C:/Users/PFFTAH001/OneDrive - University of Cape Town/Desktop/EEE3095S/STM32CubeIDE_1.19.0/STM32CubeIDE/plugins/com.st.stm32cube.ide.mcu.externaltools.gnu-tools-for-stm32.13.3.rel1.win32_1.0.0.202411081344/tools/bin/../lib/gcc/arm-none-eabi/13.3.1/thumb/v7e-m+fp/hard/crti.o
                0x0800284c                _fini
 .fini          0x08002850        0x8 C:/Users/PFFTAH001/OneDrive - University of Cape Town/Desktop/EEE3095S/STM32CubeIDE_1.19.0/STM32CubeIDE/plugins/com.st.stm32cube.ide.mcu.externaltools.gnu-tools-for-stm32.13.3.rel1.win32_1.0.0.202411081344/tools/bin/../lib/gcc/arm-none-eabi/13.3.1/thumb/v7e-m+fp/hard/crtn.o
                0x08002858                        . = ALIGN (0x4)
                0x08002858                        _etext = .

.vfp11_veneer   0x08002858        0x0
 .vfp11_veneer  0x08002858        0x0 linker stubs

.v4_bx          0x08002858        0x0
 .v4_bx         0x08002858        0x0 linker stubs

.iplt           0x08002858        0x0
 .iplt          0x08002858        0x0 C:/Users/PFFTAH001/OneDrive - University of Cape Town/Desktop/EEE3095S/STM32CubeIDE_1.19.0/STM32CubeIDE/plugins/com.st.stm32cube.ide.mcu.externaltools.gnu-tools-for-stm32.13.3.rel1.win32_1.0.0.202411081344/tools/bin/../lib/gcc/arm-none-eabi/13.3.1/thumb/v7e-m+fp/hard/crtbegin.o

.rodata         0x08002858       0xa4
                0x08002858                        . = ALIGN (0x4)
 *(.rodata)
 *(.rodata*)
 .rodata.main.str1.4
                0x08002858       0x57 build/main.o
 *fill*         0x080028af        0x1 
 .rodata.APBPrescTable
                0x080028b0        0x8 build/system_stm32f4xx.o
                0x080028b0                APBPrescTable
 .rodata.AHBPrescTable
                0x080028b8       0x10 build/system_stm32f4xx.o
                0x080028b8                AHBPrescTable
 .rodata._svfprintf_r.str1.1
                0x080028c8       0x33 C:/Users/PFFTAH001/OneDrive - University of Cape Town/Desktop/EEE3095S/STM32CubeIDE_1.19.0/STM32CubeIDE/plugins/com.st.stm32cube.ide.mcu.externaltools.gnu-tools-for-stm32.13.3.rel1.win32_1.0.0.202411081344/tools/bin/../lib/gcc/arm-none-eabi/13.3.1/../../../../arm-none-eabi/lib/thumb/v7e-m+fp/hard\libc_nano.a(libc_a-nano-svfprintf.o)
                                 0x11 (size before relaxing)
 .rodata._printf_i.str1.1
                0x080028fb       0x22 C:/Users/PFFTAH001/OneDrive - University of Cape Town/Desktop/EEE3095S/STM32CubeIDE_1.19.0/STM32CubeIDE/plugins/com.st.stm32cube.ide.mcu.externaltools.gnu-tools-for-stm32.13.3.rel1.win32_1.0.0.202411081344/tools/bin/../lib/gcc/arm-none-eabi/13.3.1/../../../../arm-none-eabi/lib/thumb/v7e-m+fp/hard\libc_nano.a(libc_a-nano-vfprintf_i.o)
                0x08002920                        . = ALIGN (0x4)
 *fill*         0x080028fb        0x1 

.ARM.extab      0x080028fc        0x0
                0x080028fc                        . = ALIGN (0x4)
 *(.ARM.extab* .gnu.linkonce.armextab.*)
                0x080028fc                        . = ALIGN (0x4)

.ARM            0x080028fc        0x8
                0x080028fc                        . = ALIGN (0x4)
                0x080028fc                        __exidx_start = .
 *(.ARM.exidx*)
 .ARM.exidx     0x080028fc        0x8 C:/Users/PFFTAH001/OneDrive - University of Cape Town/Desktop/EEE3095S/STM32CubeIDE_1.19.0/STM32CubeIDE/plugins/com.st.stm32cube.ide.mcu.externaltools.gnu-tools-for-stm32.13.3.rel1.win32_1.0.0.202411081344/tools/bin/../lib/gcc/arm-none-eabi/13.3.1/../../../../arm-none-eabi/lib/thumb/v7e-m+fp/hard\libc_nano.a(libc_a-strcmp.o)
 .ARM.exidx     0x08002904        0x0 C:/Users/PFFTAH001/OneDrive - University of Cape Town/Desktop/EEE3095S/STM32CubeIDE_1.19.0/STM32CubeIDE/plugins/com.st.stm32cube.ide.mcu.externaltools.gnu-tools-for-stm32.13.3.rel1.win32_1.0.0.202411081344/tools/bin/../lib/gcc/arm-none-eabi/13.3.1/../../../../arm-none-eabi/lib/thumb/v7e-m+fp/hard\libc_nano.a(libc_a-strlen.o)
                                  0x8 (size before relaxing)
 .ARM.exidx     0x08002904        0x0 C:/Users/PFFTAH001/OneDrive - University of Cape Town/Desktop/EEE3095S/STM32CubeIDE_1.19.0/STM32CubeIDE/plugins/com.st.stm32cube.ide.mcu.externaltools.gnu-tools-for-stm32.13.3.rel1.win32_1.0.0.202411081344/tools/bin/../lib/gcc/arm-none-eabi/13.3.1/../../../../arm-none-eabi/lib/thumb/v7e-m+fp/hard\libc_nano.a(libc_a-memchr.o)
                                  0x8 (size before relaxing)
 .ARM.exidx     0x08002904        0x0 C:/Users/PFFTAH001/OneDrive - University of Cape Town/Desktop/EEE3095S/STM32CubeIDE_1.19.0/STM32CubeIDE/plugins/com.st.stm32cube.ide.mcu.externaltools.gnu-tools-for-stm32.13.3.rel1.win32_1.0.0.202411081344/tools/bin/../lib/gcc/arm-none-eabi/13.3.1/thumb/v7e-m+fp/hard\libgcc.a(_udivmoddi4.o)
                                  0x8 (size before relaxing)
                0x08002904                        __exidx_end = .
                0x08002904                        . = ALIGN (0x4)

.preinit_array  0x08002904        0x0
                0x08002904                        . = ALIGN (0x4)
                0x08002904                        PROVIDE (__preinit_array_start = .)
 *(.preinit_array*)
                0x08002904                        PROVIDE (__preinit_array_end = .)
                0x08002904                        . = ALIGN (0x4)

.init_array     0x08002904        0x4
                0x08002904                        . = ALIGN (0x4)
                0x08002904                        PROVIDE (__init_array_start = .)
 *(SORT_BY_NAME(.init_array.*))
 *(.init_array*)
 .init_array    0x08002904        0x4 C:/Users/PFFTAH001/OneDrive - University of Cape Town/Desktop/EEE3095S/STM32CubeIDE_1.19.0/STM32CubeIDE/plugins/com.st.stm32cube.ide.mcu.externaltools.gnu-tools-for-stm32.13.3.rel1.win32_1.0.0.202411081344/tools/bin/../lib/gcc/arm-none-eabi/13.3.1/thumb/v7e-m+fp/hard/crtbegin.o
                0x08002908                        PROVIDE (__init_array_end = .)
                0x08002908                        . = ALIGN (0x4)

.fini_array     0x08002908        0x4
                0x08002908                        . = ALIGN (0x4)
                [!provide]                        PROVIDE (__fini_array_start = .)
 *(SORT_BY_NAME(.fini_array.*))
 *(.fini_array*)
 .fini_array    0x08002908        0x4 C:/Users/PFFTAH001/OneDrive - University of Cape Town/Desktop/EEE3095S/STM32CubeIDE_1.19.0/STM32CubeIDE/plugins/com.st.stm32cube.ide.mcu.externaltools.gnu-tools-for-stm32.13.3.rel1.win32_1.0.0.202411081344/tools/bin/../lib/gcc/arm-none-eabi/13.3.1/thumb/v7e-m+fp/hard/crtbegin.o
                [!provide]                        PROVIDE (__fini_array_end = .)
                0x0800290c                        . = ALIGN (0x4)
                0x0800290c                        _sidata = LOADADDR (.data)

.rel.dyn        0x0800290c        0x0
 .rel.iplt      0x0800290c        0x0 C:/Users/PFFTAH001/OneDrive - University of Cape Town/Desktop/EEE3095S/STM32CubeIDE_1.19.0/STM32CubeIDE/plugins/com.st.stm32cube.ide.mcu.externaltools.gnu-tools-for-stm32.13.3.rel1.win32_1.0.0.202411081344/tools/bin/../lib/gcc/arm-none-eabi/13.3.1/thumb/v7e-m+fp/hard/crtbegin.o

.data           0x20000000       0x5c load address 0x0800290c
                0x20000000                        . = ALIGN (0x4)
                0x20000000                        _sdata = .
 *(.data)
 *(.data*)
 .data.uwTickFreq
                0x20000000        0x1 build/stm32f4xx_hal.o
                0x20000000                uwTickFreq
 *fill*         0x20000001        0x3 
 .data.uwTickPrio
                0x20000004        0x4 build/stm32f4xx_hal.o
                0x20000004                uwTickPrio
 .data.SystemCoreClock
                0x20000008        0x4 build/system_stm32f4xx.o
                0x20000008                SystemCoreClock
 .data._impure_ptr
                0x2000000c        0x4 C:/Users/PFFTAH001/OneDrive - University of Cape Town/Desktop/EEE3095S/STM32CubeIDE_1.19.0/STM32CubeIDE/plugins/com.st.stm32cube.ide.mcu.externaltools.gnu-tools-for-stm32.13.3.rel1.win32_1.0.0.202411081344/tools/bin/../lib/gcc/arm-none-eabi/13.3.1/../../../../arm-none-eabi/lib/thumb/v7e-m+fp/hard\libc_nano.a(libc_a-impure.o)
                0x2000000c                _impure_ptr
 .data._impure_data
                0x20000010       0x4c C:/Users/PFFTAH001/OneDrive - University of Cape Town/Desktop/EEE3095S/STM32CubeIDE_1.19.0/STM32CubeIDE/plugins/com.st.stm32cube.ide.mcu.externaltools.gnu-tools-for-stm32.13.3.rel1.win32_1.0.0.202411081344/tools/bin/../lib/gcc/arm-none-eabi/13.3.1/../../../../arm-none-eabi/lib/thumb/v7e-m+fp/hard\libc_nano.a(libc_a-impure.o)
                0x20000010                _impure_data
 *(.RamFunc)
 *(.RamFunc*)
                0x2000005c                        . = ALIGN (0x4)
                0x2000005c                        _edata = .

.igot.plt       0x2000005c        0x0 load address 0x08002968
 .igot.plt      0x2000005c        0x0 C:/Users/PFFTAH001/OneDrive - University of Cape Town/Desktop/EEE3095S/STM32CubeIDE_1.19.0/STM32CubeIDE/plugins/com.st.stm32cube.ide.mcu.externaltools.gnu-tools-for-stm32.13.3.rel1.win32_1.0.0.202411081344/tools/bin/../lib/gcc/arm-none-eabi/13.3.1/thumb/v7e-m+fp/hard/crtbegin.o
                0x2000005c                        . = ALIGN (0x4)

.bss            0x2000005c      0x1b4 load address 0x08002968
                0x2000005c                        _sbss = .
                0x2000005c                        __bss_start__ = _sbss
 *(.bss)
 .bss           0x2000005c       0x1c C:/Users/PFFTAH001/OneDrive - University of Cape Town/Desktop/EEE3095S/STM32CubeIDE_1.19.0/STM32CubeIDE/plugins/com.st.stm32cube.ide.mcu.externaltools.gnu-tools-for-stm32.13.3.rel1.win32_1.0.0.202411081344/tools/bin/../lib/gcc/arm-none-eabi/13.3.1/thumb/v7e-m+fp/hard/crtbegin.o
 *(.bss*)
 .bss.huart1    0x20000078       0x48 build/main.o
                0x20000078                huart1
 .bss.uwTick    0x200000c0        0x4 build/stm32f4xx_hal.o
                0x200000c0                uwTick
 .bss.__sbrk_heap_end
                0x200000c4        0x4 build/sysmem.o
 .bss.__sf      0x200000c8      0x138 C:/Users/PFFTAH001/OneDrive - University of Cape Town/Desktop/EEE3095S/STM32CubeIDE_1.19.0/STM32CubeIDE/plugins/com.st.stm32cube.ide.mcu.externaltools.gnu-tools-for-stm32.13.3.rel1.win32_1.0.0.202411081344/tools/bin/../lib/gcc/arm-none-eabi/13.3.1/../../../../arm-none-eabi/lib/thumb/v7e-m+fp/hard\libc_nano.a(libc_a-findfp.o)
                0x200000c8                __sf
 .bss.errno     0x20000200        0x4 C:/Users/PFFTAH001/OneDrive - University of Cape Town/Desktop/EEE3095S/STM32CubeIDE_1.19.0/STM32CubeIDE/plugins/com.st.stm32cube.ide.mcu.externaltools.gnu-tools-for-stm32.13.3.rel1.win32_1.0.0.202411081344/tools/bin/../lib/gcc/arm-none-eabi/13.3.1/../../../../arm-none-eabi/lib/thumb/v7e-m+fp/hard\libc_nano.a(libc_a-reent.o)
                0x20000200                errno
 .bss.__lock___malloc_recursive_mutex
                0x20000204        0x1 C:/Users/PFFTAH001/OneDrive - University of Cape Town/Desktop/EEE3095S/STM32CubeIDE_1.19.0/STM32CubeIDE/plugins/com.st.stm32cube.ide.mcu.externaltools.gnu-tools-for-stm32.13.3.rel1.win32_1.0.0.202411081344/tools/bin/../lib/gcc/arm-none-eabi/13.3.1/../../../../arm-none-eabi/lib/thumb/v7e-m+fp/hard\libc_nano.a(libc_a-lock.o)
                0x20000204                __lock___malloc_recursive_mutex
 *fill*         0x20000205        0x3 
 .bss.__malloc_sbrk_start
                0x20000208        0x4 C:/Users/PFFTAH001/OneDrive - University of Cape Town/Desktop/EEE3095S/STM32CubeIDE_1.19.0/STM32CubeIDE/plugins/com.st.stm32cube.ide.mcu.externaltools.gnu-tools-for-stm32.13.3.rel1.win32_1.0.0.202411081344/tools/bin/../lib/gcc/arm-none-eabi/13.3.1/../../../../arm-none-eabi/lib/thumb/v7e-m+fp/hard\libc_nano.a(libc_a-mallocr.o)
                0x20000208                __malloc_sbrk_start
 .bss.__malloc_free_list
                0x2000020c        0x4 C:/Users/PFFTAH001/OneDrive - University of Cape Town/Desktop/EEE3095S/STM32CubeIDE_1.19.0/STM32CubeIDE/plugins/com.st.stm32cube.ide.mcu.externaltools.gnu-tools-for-stm32.13.3.rel1.win32_1.0.0.202411081344/tools/bin/../lib/gcc/arm-none-eabi/13.3.1/../../../../arm-none-eabi/lib/thumb/v7e-m+fp/hard\libc_nano.a(libc_a-mallocr.o)
                0x2000020c                __malloc_free_list
 *(COMMON)
                0x20000210                        . = ALIGN (0x4)
                0x20000210                        _ebss = .
                0x20000210                        __bss_end__ = _ebss

._user_heap_stack
                0x20000210      0x600 load address 0x08002968
                0x20000210                        . = ALIGN (0x8)
                [!provide]                        PROVIDE (end = .)
                0x20000210                        PROVIDE (_end = .)
                0x20000410                        . = (. + _Min_Heap_Size)
 *fill*         0x20000210      0x200 
                0x20000810                        . = (. + _Min_Stack_Size)
 *fill*         0x20000410      0x400 
                0x20000810                        . = ALIGN (0x8)

/DISCARD/
 libc.a(*)
 libm.a(*)
 libgcc.a(*)
OUTPUT(build/EEE3095S_Project.elf elf32-littlearm)
LOAD linker stubs
LOAD C:/Users/PFFTAH001/OneDrive - University of Cape Town/Desktop/EEE3095S/STM32CubeIDE_1.19.0/STM32CubeIDE/plugins/com.st.stm32cube.ide.mcu.externaltools.gnu-tools-for-stm32.13.3.rel1.win32_1.0.0.202411081344/tools/bin/../lib/gcc/arm-none-eabi/13.3.1/../../../../arm-none-eabi/lib/thumb/v7e-m+fp/hard\libc.a
LOAD C:/Users/PFFTAH001/OneDrive - University of Cape Town/Desktop/EEE3095S/STM32CubeIDE_1.19.0/STM32CubeIDE/plugins/com.st.stm32cube.ide.mcu.externaltools.gnu-tools-for-stm32.13.3.rel1.win32_1.0.0.202411081344/tools/bin/../lib/gcc/arm-none-eabi/13.3.1/../../../../arm-none-eabi/lib/thumb/v7e-m+fp/hard\libm.a
LOAD C:/Users/PFFTAH001/OneDrive - University of Cape Town/Desktop/EEE3095S/STM32CubeIDE_1.19.0/STM32CubeIDE/plugins/com.st.stm32cube.ide.mcu.externaltools.gnu-tools-for-stm32.13.3.rel1.win32_1.0.0.202411081344/tools/bin/../lib/gcc/arm-none-eabi/13.3.1/thumb/v7e-m+fp/hard\libgcc.a

.ARM.attributes
                0x00000000       0x30
 .ARM.attributes
                0x00000000       0x22 C:/Users/PFFTAH001/OneDrive - University of Cape Town/Desktop/EEE3095S/STM32CubeIDE_1.19.0/STM32CubeIDE/plugins/com.st.stm32cube.ide.mcu.externaltools.gnu-tools-for-stm32.13.3.rel1.win32_1.0.0.202411081344/tools/bin/../lib/gcc/arm-none-eabi/13.3.1/thumb/v7e-m+fp/hard/crti.o
 .ARM.attributes
                0x00000022       0x34 C:/Users/PFFTAH001/OneDrive - University of Cape Town/Desktop/EEE3095S/STM32CubeIDE_1.19.0/STM32CubeIDE/plugins/com.st.stm32cube.ide.mcu.externaltools.gnu-tools-for-stm32.13.3.rel1.win32_1.0.0.202411081344/tools/bin/../lib/gcc/arm-none-eabi/13.3.1/thumb/v7e-m+fp/hard/crtbegin.o
 .ARM.attributes
                0x00000056       0x34 build/main.o
 .ARM.attributes
                0x0000008a       0x34 build/stm32f4xx_it.o
 .ARM.attributes
                0x000000be       0x34 build/stm32f4xx_hal_msp.o
 .ARM.attributes
                0x000000f2       0x34 build/stm32f4xx_hal_uart.o
 .ARM.attributes
                0x00000126       0x34 build/stm32f4xx_hal_rcc.o
 .ARM.attributes
                0x0000015a       0x34 build/stm32f4xx_hal_rcc_ex.o
 .ARM.attributes
                0x0000018e       0x34 build/stm32f4xx_hal_gpio.o
 .ARM.attributes
                0x000001c2       0x34 build/stm32f4xx_hal_dma.o
 .ARM.attributes
                0x000001f6       0x34 build/stm32f4xx_hal_cortex.o
 .ARM.attributes
                0x0000022a       0x34 build/stm32f4xx_hal.o
 .ARM.attributes
                0x0000025e       0x34 build/system_stm32f4xx.o
 .ARM.attributes
                0x00000292       0x34 build/sysmem.o
 .ARM.attributes
                0x000002c6       0x21 build/startup_stm32f446xx.o
 .ARM.attributes
                0x000002e7       0x34 C:/Users/PFFTAH001/OneDrive - University of Cape Town/Desktop/EEE3095S/STM32CubeIDE_1.19.0/STM32CubeIDE/plugins/com.st.stm32cube.ide.mcu.externaltools.gnu-tools-for-stm32.13.3.rel1.win32_1.0.0.202411081344/tools/bin/../lib/gcc/arm-none-eabi/13.3.1/../../../../arm-none-eabi/lib/thumb/v7e-m+fp/hard\libc_nano.a(libc_a-findfp.o)
 .ARM.attributes
                0x0000031b       0x34 C:/Users/PFFTAH001/OneDrive - University of Cape Town/Desktop/EEE3095S/STM32CubeIDE_1.19.0/STM32CubeIDE/plugins/com.st.stm32cube.ide.mcu.externaltools.gnu-tools-for-stm32.13.3.rel1.win32_1.0.0.202411081344/tools/bin/../lib/gcc/arm-none-eabi/13.3.1/../../../../arm-none-eabi/lib/thumb/v7e-m+fp/hard\libc_nano.a(libc_a-snprintf.o)
 .ARM.attributes
                0x0000034f       0x34 C:/Users/PFFTAH001/OneDrive - University of Cape Town/Desktop/EEE3095S/STM32CubeIDE_1.19.0/STM32CubeIDE/plugins/com.st.stm32cube.ide.mcu.externaltools.gnu-tools-for-stm32.13.3.rel1.win32_1.0.0.202411081344/tools/bin/../lib/gcc/arm-none-eabi/13.3.1/../../../../arm-none-eabi/lib/thumb/v7e-m+fp/hard\libc_nano.a(libc_a-memset.o)
 .ARM.attributes
                0x00000383       0x34 C:/Users/PFFTAH001/OneDrive - University of Cape Town/Desktop/EEE3095S/STM32CubeIDE_1.19.0/STM32CubeIDE/plugins/com.st.stm32cube.ide.mcu.externaltools.gnu-tools-for-stm32.13.3.rel1.win32_1.0.0.202411081344/tools/bin/../lib/gcc/arm-none-eabi/13.3.1/../../../../arm-none-eabi/lib/thumb/v7e-m+fp/hard\libc_nano.a(libc_a-strncmp.o)
 .ARM.attributes
                0x000003b7       0x34 C:/Users/PFFTAH001/OneDrive - University of Cape Town/Desktop/EEE3095S/STM32CubeIDE_1.19.0/STM32CubeIDE/plugins/com.st.stm32cube.ide.mcu.externaltools.gnu-tools-for-stm32.13.3.rel1.win32_1.0.0.202411081344/tools/bin/../lib/gcc/arm-none-eabi/13.3.1/../../../../arm-none-eabi/lib/thumb/v7e-m+fp/hard\libc_nano.a(libc_a-strncpy.o)
 .ARM.attributes
                0x000003eb       0x34 C:/Users/PFFTAH001/OneDrive - University of Cape Town/Desktop/EEE3095S/STM32CubeIDE_1.19.0/STM32CubeIDE/plugins/com.st.stm32cube.ide.mcu.externaltools.gnu-tools-for-stm32.13.3.rel1.win32_1.0.0.202411081344/tools/bin/../lib/gcc/arm-none-eabi/13.3.1/../../../../arm-none-eabi/lib/thumb/v7e-m+fp/hard\libc_nano.a(libc_a-reent.o)
 .ARM.attributes
                0x0000041f       0x34 C:/Users/PFFTAH001/OneDrive - University of Cape Town/Desktop/EEE3095S/STM32CubeIDE_1.19.0/STM32CubeIDE/plugins/com.st.stm32cube.ide.mcu.externaltools.gnu-tools-for-stm32.13.3.rel1.win32_1.0.0.202411081344/tools/bin/../lib/gcc/arm-none-eabi/13.3.1/../../../../arm-none-eabi/lib/thumb/v7e-m+fp/hard\libc_nano.a(libc_a-impure.o)
 .ARM.attributes
                0x00000453       0x34 C:/Users/PFFTAH001/OneDrive - University of Cape Town/Desktop/EEE3095S/STM32CubeIDE_1.19.0/STM32CubeIDE/plugins/com.st.stm32cube.ide.mcu.externaltools.gnu-tools-for-stm32.13.3.rel1.win32_1.0.0.202411081344/tools/bin/../lib/gcc/arm-none-eabi/13.3.1/../../../../arm-none-eabi/lib/thumb/v7e-m+fp/hard\libc_nano.a(libc_a-errno.o)
 .ARM.attributes
                0x00000487       0x34 C:/Users/PFFTAH001/OneDrive - University of Cape Town/Desktop/EEE3095S/STM32CubeIDE_1.19.0/STM32CubeIDE/plugins/com.st.stm32cube.ide.mcu.externaltools.gnu-tools-for-stm32.13.3.rel1.win32_1.0.0.202411081344/tools/bin/../lib/gcc/arm-none-eabi/13.3.1/../../../../arm-none-eabi/lib/thumb/v7e-m+fp/hard\libc_nano.a(libc_a-init.o)
 .ARM.attributes
                0x000004bb       0x34 C:/Users/PFFTAH001/OneDrive - University of Cape Town/Desktop/EEE3095S/STM32CubeIDE_1.19.0/STM32CubeIDE/plugins/com.st.stm32cube.ide.mcu.externaltools.gnu-tools-for-stm32.13.3.rel1.win32_1.0.0.202411081344/tools/bin/../lib/gcc/arm-none-eabi/13.3.1/../../../../arm-none-eabi/lib/thumb/v7e-m+fp/hard\libc_nano.a(libc_a-lock.o)
 .ARM.attributes
                0x000004ef       0x20 C:/Users/PFFTAH001/OneDrive - University of Cape Town/Desktop/EEE3095S/STM32CubeIDE_1.19.0/STM32CubeIDE/plugins/com.st.stm32cube.ide.mcu.externaltools.gnu-tools-for-stm32.13.3.rel1.win32_1.0.0.202411081344/tools/bin/../lib/gcc/arm-none-eabi/13.3.1/../../../../arm-none-eabi/lib/thumb/v7e-m+fp/hard\libc_nano.a(libc_a-strcmp.o)
 .ARM.attributes
                0x0000050f       0x34 C:/Users/PFFTAH001/OneDrive - University of Cape Town/Desktop/EEE3095S/STM32CubeIDE_1.19.0/STM32CubeIDE/plugins/com.st.stm32cube.ide.mcu.externaltools.gnu-tools-for-stm32.13.3.rel1.win32_1.0.0.202411081344/tools/bin/../lib/gcc/arm-none-eabi/13.3.1/../../../../arm-none-eabi/lib/thumb/v7e-m+fp/hard\libc_nano.a(libc_a-strcpy.o)
 .ARM.attributes
                0x00000543       0x17 C:/Users/PFFTAH001/OneDrive - University of Cape Town/Desktop/EEE3095S/STM32CubeIDE_1.19.0/STM32CubeIDE/plugins/com.st.stm32cube.ide.mcu.externaltools.gnu-tools-for-stm32.13.3.rel1.win32_1.0.0.202411081344/tools/bin/../lib/gcc/arm-none-eabi/13.3.1/../../../../arm-none-eabi/lib/thumb/v7e-m+fp/hard\libc_nano.a(libc_a-strlen.o)
 .ARM.attributes
                0x0000055a       0x34 C:/Users/PFFTAH001/OneDrive - University of Cape Town/Desktop/EEE3095S/STM32CubeIDE_1.19.0/STM32CubeIDE/plugins/com.st.stm32cube.ide.mcu.externaltools.gnu-tools-for-stm32.13.3.rel1.win32_1.0.0.202411081344/tools/bin/../lib/gcc/arm-none-eabi/13.3.1/../../../../arm-none-eabi/lib/thumb/v7e-m+fp/hard\libc_nano.a(libc_a-freer.o)
 .ARM.attributes
                0x0000058e       0x34 C:/Users/PFFTAH001/OneDrive - University of Cape Town/Desktop/EEE3095S/STM32CubeIDE_1.19.0/STM32CubeIDE/plugins/com.st.stm32cube.ide.mcu.externaltools.gnu-tools-for-stm32.13.3.rel1.win32_1.0.0.202411081344/tools/bin/../lib/gcc/arm-none-eabi/13.3.1/../../../../arm-none-eabi/lib/thumb/v7e-m+fp/hard\libc_nano.a(libc_a-mallocr.o)
 .ARM.attributes
                0x000005c2       0x34 C:/Users/PFFTAH001/OneDrive - University of Cape Town/Desktop/EEE3095S/STM32CubeIDE_1.19.0/STM32CubeIDE/plugins/com.st.stm32cube.ide.mcu.externaltools.gnu-tools-for-stm32.13.3.rel1.win32_1.0.0.202411081344/tools/bin/../lib/gcc/arm-none-eabi/13.3.1/../../../../arm-none-eabi/lib/thumb/v7e-m+fp/hard\libc_nano.a(libc_a-mlock.o)
 .ARM.attributes
                0x000005f6       0x34 C:/Users/PFFTAH001/OneDrive - University of Cape Town/Desktop/EEE3095S/STM32CubeIDE_1.19.0/STM32CubeIDE/plugins/com.st.stm32cube.ide.mcu.externaltools.gnu-tools-for-stm32.13.3.rel1.win32_1.0.0.202411081344/tools/bin/../lib/gcc/arm-none-eabi/13.3.1/../../../../arm-none-eabi/lib/thumb/v7e-m+fp/hard\libc_nano.a(libc_a-nano-svfprintf.o)
 .ARM.attributes
                0x0000062a       0x34 C:/Users/PFFTAH001/OneDrive - University of Cape Town/Desktop/EEE3095S/STM32CubeIDE_1.19.0/STM32CubeIDE/plugins/com.st.stm32cube.ide.mcu.externaltools.gnu-tools-for-stm32.13.3.rel1.win32_1.0.0.202411081344/tools/bin/../lib/gcc/arm-none-eabi/13.3.1/../../../../arm-none-eabi/lib/thumb/v7e-m+fp/hard\libc_nano.a(libc_a-nano-vfprintf_i.o)
 .ARM.attributes
                0x0000065e       0x34 C:/Users/PFFTAH001/OneDrive - University of Cape Town/Desktop/EEE3095S/STM32CubeIDE_1.19.0/STM32CubeIDE/plugins/com.st.stm32cube.ide.mcu.externaltools.gnu-tools-for-stm32.13.3.rel1.win32_1.0.0.202411081344/tools/bin/../lib/gcc/arm-none-eabi/13.3.1/../../../../arm-none-eabi/lib/thumb/v7e-m+fp/hard\libc_nano.a(libc_a-memmove.o)
 .ARM.attributes
                0x00000692       0x34 C:/Users/PFFTAH001/OneDrive - University of Cape Town/Desktop/EEE3095S/STM32CubeIDE_1.19.0/STM32CubeIDE/plugins/com.st.stm32cube.ide.mcu.externaltools.gnu-tools-for-stm32.13.3.rel1.win32_1.0.0.202411081344/tools/bin/../lib/gcc/arm-none-eabi/13.3.1/../../../../arm-none-eabi/lib/thumb/v7e-m+fp/hard\libc_nano.a(libc_a-sbrkr.o)
 .ARM.attributes
                0x000006c6       0x1c C:/Users/PFFTAH001/OneDrive - University of Cape Town/Desktop/EEE3095S/STM32CubeIDE_1.19.0/STM32CubeIDE/plugins/com.st.stm32cube.ide.mcu.externaltools.gnu-tools-for-stm32.13.3.rel1.win32_1.0.0.202411081344/tools/bin/../lib/gcc/arm-none-eabi/13.3.1/../../../../arm-none-eabi/lib/thumb/v7e-m+fp/hard\libc_nano.a(libc_a-memchr.o)
 .ARM.attributes
                0x000006e2       0x34 C:/Users/PFFTAH001/OneDrive - University of Cape Town/Desktop/EEE3095S/STM32CubeIDE_1.19.0/STM32CubeIDE/plugins/com.st.stm32cube.ide.mcu.externaltools.gnu-tools-for-stm32.13.3.rel1.win32_1.0.0.202411081344/tools/bin/../lib/gcc/arm-none-eabi/13.3.1/../../../../arm-none-eabi/lib/thumb/v7e-m+fp/hard\libc_nano.a(libc_a-memcpy-stub.o)
 .ARM.attributes
                0x00000716       0x34 C:/Users/PFFTAH001/OneDrive - University of Cape Town/Desktop/EEE3095S/STM32CubeIDE_1.19.0/STM32CubeIDE/plugins/com.st.stm32cube.ide.mcu.externaltools.gnu-tools-for-stm32.13.3.rel1.win32_1.0.0.202411081344/tools/bin/../lib/gcc/arm-none-eabi/13.3.1/../../../../arm-none-eabi/lib/thumb/v7e-m+fp/hard\libc_nano.a(libc_a-reallocr.o)
 .ARM.attributes
                0x0000074a       0x34 C:/Users/PFFTAH001/OneDrive - University of Cape Town/Desktop/EEE3095S/STM32CubeIDE_1.19.0/STM32CubeIDE/plugins/com.st.stm32cube.ide.mcu.externaltools.gnu-tools-for-stm32.13.3.rel1.win32_1.0.0.202411081344/tools/bin/../lib/gcc/arm-none-eabi/13.3.1/../../../../arm-none-eabi/lib/thumb/v7e-m+fp/hard\libc_nano.a(libc_a-msizer.o)
 .ARM.attributes
                0x0000077e       0x22 C:/Users/PFFTAH001/OneDrive - University of Cape Town/Desktop/EEE3095S/STM32CubeIDE_1.19.0/STM32CubeIDE/plugins/com.st.stm32cube.ide.mcu.externaltools.gnu-tools-for-stm32.13.3.rel1.win32_1.0.0.202411081344/tools/bin/../lib/gcc/arm-none-eabi/13.3.1/thumb/v7e-m+fp/hard\libgcc.a(_aeabi_uldivmod.o)
 .ARM.attributes
                0x000007a0       0x34 C:/Users/PFFTAH001/OneDrive - University of Cape Town/Desktop/EEE3095S/STM32CubeIDE_1.19.0/STM32CubeIDE/plugins/com.st.stm32cube.ide.mcu.externaltools.gnu-tools-for-stm32.13.3.rel1.win32_1.0.0.202411081344/tools/bin/../lib/gcc/arm-none-eabi/13.3.1/thumb/v7e-m+fp/hard\libgcc.a(_udivmoddi4.o)
 .ARM.attributes
                0x000007d4       0x22 C:/Users/PFFTAH001/OneDrive - University of Cape Town/Desktop/EEE3095S/STM32CubeIDE_1.19.0/STM32CubeIDE/plugins/com.st.stm32cube.ide.mcu.externaltools.gnu-tools-for-stm32.13.3.rel1.win32_1.0.0.202411081344/tools/bin/../lib/gcc/arm-none-eabi/13.3.1/thumb/v7e-m+fp/hard\libgcc.a(_dvmd_tls.o)
 .ARM.attributes
                0x000007f6       0x22 C:/Users/PFFTAH001/OneDrive - University of Cape Town/Desktop/EEE3095S/STM32CubeIDE_1.19.0/STM32CubeIDE/plugins/com.st.stm32cube.ide.mcu.externaltools.gnu-tools-for-stm32.13.3.rel1.win32_1.0.0.202411081344/tools/bin/../lib/gcc/arm-none-eabi/13.3.1/thumb/v7e-m+fp/hard/crtn.o

.comment        0x00000000       0x43
 .comment       0x00000000       0x43 build/main.o
                                 0x44 (size before relaxing)
 .comment       0x00000043       0x44 build/stm32f4xx_it.o
 .comment       0x00000043       0x44 build/stm32f4xx_hal_msp.o
 .comment       0x00000043       0x44 build/stm32f4xx_hal_uart.o
 .comment       0x00000043       0x44 build/stm32f4xx_hal_rcc.o
 .comment       0x00000043       0x44 build/stm32f4xx_hal_rcc_ex.o
 .comment       0x00000043       0x44 build/stm32f4xx_hal_gpio.o
 .comment       0x00000043       0x44 build/stm32f4xx_hal_dma.o
 .comment       0x00000043       0x44 build/stm32f4xx_hal_cortex.o
 .comment       0x00000043       0x44 build/stm32f4xx_hal.o
 .comment       0x00000043       0x44 build/system_stm32f4xx.o
 .comment       0x00000043       0x44 build/sysmem.o

.debug_info     0x00000000     0xc1ee
 .debug_info    0x00000000     0x1538 build/main.o
 .debug_info    0x00001538      0x74e build/stm32f4xx_it.o
 .debug_info    0x00001c86      0xddd build/stm32f4xx_hal_msp.o
 .debug_info    0x00002a63     0x43b5 build/stm32f4xx_hal_uart.o
 .debug_info    0x00006e18      0xc73 build/stm32f4xx_hal_rcc.o
 .debug_info    0x00007a8b      0xddc build/stm32f4xx_hal_rcc_ex.o
 .debug_info    0x00008867      0x8ac build/stm32f4xx_hal_gpio.o
 .debug_info    0x00009113      0xbce build/stm32f4xx_hal_dma.o
 .debug_info    0x00009ce1     0x11fe build/stm32f4xx_hal_cortex.o
 .debug_info    0x0000aedf      0xb5c build/stm32f4xx_hal.o
 .debug_info    0x0000ba3b      0x5f7 build/system_stm32f4xx.o
 .debug_info    0x0000c032      0x18c build/sysmem.o
 .debug_info    0x0000c1be       0x30 build/startup_stm32f446xx.o

.debug_abbrev   0x00000000     0x1c2e
 .debug_abbrev  0x00000000      0x2d9 build/main.o
 .debug_abbrev  0x000002d9      0x172 build/stm32f4xx_it.o
 .debug_abbrev  0x0000044b      0x1df build/stm32f4xx_hal_msp.o
 .debug_abbrev  0x0000062a      0x366 build/stm32f4xx_hal_uart.o
 .debug_abbrev  0x00000990      0x2de build/stm32f4xx_hal_rcc.o
 .debug_abbrev  0x00000c6e      0x266 build/stm32f4xx_hal_rcc_ex.o
 .debug_abbrev  0x00000ed4      0x22b build/stm32f4xx_hal_gpio.o
 .debug_abbrev  0x000010ff      0x2fe build/stm32f4xx_hal_dma.o
 .debug_abbrev  0x000013fd      0x3ca build/stm32f4xx_hal_cortex.o
 .debug_abbrev  0x000017c7      0x244 build/stm32f4xx_hal.o
 .debug_abbrev  0x00001a0b      0x11b build/system_stm32f4xx.o
 .debug_abbrev  0x00001b26       0xeb build/sysmem.o
 .debug_abbrev  0x00001c11       0x1d build/startup_stm32f446xx.o

.debug_loc      0x00000000     0x8dbc
 .debug_loc     0x00000000      0x3e7 build/main.o
 .debug_loc     0x000003e7       0x40 build/stm32f4xx_it.o
 .debug_loc     0x00000427      0x12c build/stm32f4xx_hal_msp.o
 .debug_loc     0x00000553     0x5040 build/stm32f4xx_hal_uart.o
 .debug_loc     0x00005593      0x720 build/stm32f4xx_hal_rcc.o
 .debug_loc     0x00005cb3     0x101f build/stm32f4xx_hal_rcc_ex.o
 .debug_loc     0x00006cd2      0x60b build/stm32f4xx_hal_gpio.o
 .debug_loc     0x000072dd      0xe9a build/stm32f4xx_hal_dma.o
 .debug_loc     0x00008177      0x8ff build/stm32f4xx_hal_cortex.o
 .debug_loc     0x00008a76      0x1f9 build/stm32f4xx_hal.o
 .debug_loc     0x00008c6f       0xbd build/system_stm32f4xx.o
 .debug_loc     0x00008d2c       0x90 build/sysmem.o

.debug_aranges  0x00000000      0x720
 .debug_aranges
                0x00000000       0x40 build/main.o
 .debug_aranges
                0x00000040       0x68 build/stm32f4xx_it.o
 .debug_aranges
                0x000000a8       0x30 build/stm32f4xx_hal_msp.o
 .debug_aranges
                0x000000d8      0x208 build/stm32f4xx_hal_uart.o
 .debug_aranges
                0x000002e0       0x88 build/stm32f4xx_hal_rcc.o
 .debug_aranges
                0x00000368       0x78 build/stm32f4xx_hal_rcc_ex.o
 .debug_aranges
                0x000003e0       0x58 build/stm32f4xx_hal_gpio.o
 .debug_aranges
                0x00000438       0x90 build/stm32f4xx_hal_dma.o
 .debug_aranges
                0x000004c8       0xf8 build/stm32f4xx_hal_cortex.o
 .debug_aranges
                0x000005c0       0xf0 build/stm32f4xx_hal.o
 .debug_aranges
                0x000006b0       0x28 build/system_stm32f4xx.o
 .debug_aranges
                0x000006d8       0x20 build/sysmem.o
 .debug_aranges
                0x000006f8       0x28 build/startup_stm32f446xx.o

.debug_ranges   0x00000000      0x6d0
 .debug_ranges  0x00000000       0x78 build/main.o
 .debug_ranges  0x00000078       0x58 build/stm32f4xx_it.o
 .debug_ranges  0x000000d0       0x20 build/stm32f4xx_hal_msp.o
 .debug_ranges  0x000000f0      0x1f8 build/stm32f4xx_hal_uart.o
 .debug_ranges  0x000002e8       0x90 build/stm32f4xx_hal_rcc.o
 .debug_ranges  0x00000378       0x80 build/stm32f4xx_hal_rcc_ex.o
 .debug_ranges  0x000003f8       0x48 build/stm32f4xx_hal_gpio.o
 .debug_ranges  0x00000440       0x80 build/stm32f4xx_hal_dma.o
 .debug_ranges  0x000004c0       0xe8 build/stm32f4xx_hal_cortex.o
 .debug_ranges  0x000005a8       0xe0 build/stm32f4xx_hal.o
 .debug_ranges  0x00000688       0x18 build/system_stm32f4xx.o
 .debug_ranges  0x000006a0       0x10 build/sysmem.o
 .debug_ranges  0x000006b0       0x20 build/startup_stm32f446xx.o

.debug_line     0x00000000     0x99be
 .debug_line    0x00000000      0x961 build/main.o
 .debug_line    0x00000961      0x3dc build/stm32f4xx_it.o
 .debug_line    0x00000d3d      0x3d4 build/stm32f4xx_hal_msp.o
 .debug_line    0x00001111     0x365a build/stm32f4xx_hal_uart.o
 .debug_line    0x0000476b      0xd0e build/stm32f4xx_hal_rcc.o
 .debug_line    0x00005479     0x15bc build/stm32f4xx_hal_rcc_ex.o
 .debug_line    0x00006a35      0x82b build/stm32f4xx_hal_gpio.o
 .debug_line    0x00007260      0xf7d build/stm32f4xx_hal_dma.o
 .debug_line    0x000081dd      0x974 build/stm32f4xx_hal_cortex.o
 .debug_line    0x00008b51      0x6b1 build/stm32f4xx_hal.o
 .debug_line    0x00009202      0x398 build/system_stm32f4xx.o
 .debug_line    0x0000959a      0x3b1 build/sysmem.o
 .debug_line    0x0000994b       0x73 build/startup_stm32f446xx.o

.debug_str      0x00000000     0x28e0
 .debug_str     0x00000000     0x28e0 build/main.o
                                0xabe (size before relaxing)
 .debug_str     0x000028e0      0x705 build/stm32f4xx_it.o
 .debug_str     0x000028e0      0xd9a build/stm32f4xx_hal_msp.o
 .debug_str     0x000028e0      0xdc1 build/stm32f4xx_hal_uart.o
 .debug_str     0x000028e0      0x756 build/stm32f4xx_hal_rcc.o
 .debug_str     0x000028e0      0x83d build/stm32f4xx_hal_rcc_ex.o
 .debug_str     0x000028e0      0x52b build/stm32f4xx_hal_gpio.o
 .debug_str     0x000028e0      0x79c build/stm32f4xx_hal_dma.o
 .debug_str     0x000028e0      0xcdc build/stm32f4xx_hal_cortex.o
 .debug_str     0x000028e0      0xbf0 build/stm32f4xx_hal.o
 .debug_str     0x000028e0      0x3c0 build/system_stm32f4xx.o
 .debug_str     0x000028e0      0x24b build/sysmem.o
 .debug_str     0x000028e0       0xa8 build/startup_stm32f446xx.o

.debug_frame    0x00000000     0x1794
 .debug_frame   0x00000000       0xa0 build/main.o
 .debug_frame   0x000000a0       0xc0 build/stm32f4xx_it.o
 .debug_frame   0x00000160       0x60 build/stm32f4xx_hal_msp.o
 .debug_frame   0x000001c0      0x5e0 build/stm32f4xx_hal_uart.o
 .debug_frame   0x000007a0      0x16c build/stm32f4xx_hal_rcc.o
 .debug_frame   0x0000090c      0x14c build/stm32f4xx_hal_rcc_ex.o
 .debug_frame   0x00000a58       0xd8 build/stm32f4xx_hal_gpio.o
 .debug_frame   0x00000b30      0x188 build/stm32f4xx_hal_dma.o
 .debug_frame   0x00000cb8      0x214 build/stm32f4xx_hal_cortex.o
 .debug_frame   0x00000ecc      0x1ec build/stm32f4xx_hal.o
 .debug_frame   0x000010b8       0x30 build/system_stm32f4xx.o
 .debug_frame   0x000010e8       0x28 build/sysmem.o
 .debug_frame   0x00001110      0x144 C:/Users/PFFTAH001/OneDrive - University of Cape Town/Desktop/EEE3095S/STM32CubeIDE_1.19.0/STM32CubeIDE/plugins/com.st.stm32cube.ide.mcu.externaltools.gnu-tools-for-stm32.13.3.rel1.win32_1.0.0.202411081344/tools/bin/../lib/gcc/arm-none-eabi/13.3.1/../../../../arm-none-eabi/lib/thumb/v7e-m+fp/hard\libc_nano.a(libc_a-findfp.o)
 .debug_frame   0x00001254       0x7c C:/Users/PFFTAH001/OneDrive - University of Cape Town/Desktop/EEE3095S/STM32CubeIDE_1.19.0/STM32CubeIDE/plugins/com.st.stm32cube.ide.mcu.externaltools.gnu-tools-for-stm32.13.3.rel1.win32_1.0.0.202411081344/tools/bin/../lib/gcc/arm-none-eabi/13.3.1/../../../../arm-none-eabi/lib/thumb/v7e-m+fp/hard\libc_nano.a(libc_a-snprintf.o)
 .debug_frame   0x000012d0       0x20 C:/Users/PFFTAH001/OneDrive - University of Cape Town/Desktop/EEE3095S/STM32CubeIDE_1.19.0/STM32CubeIDE/plugins/com.st.stm32cube.ide.mcu.externaltools.gnu-tools-for-stm32.13.3.rel1.win32_1.0.0.202411081344/tools/bin/../lib/gcc/arm-none-eabi/13.3.1/../../../../arm-none-eabi/lib/thumb/v7e-m+fp/hard\libc_nano.a(libc_a-memset.o)
 .debug_frame   0x000012f0       0x28 C:/Users/PFFTAH001/OneDrive - University of Cape Town/Desktop/EEE3095S/STM32CubeIDE_1.19.0/STM32CubeIDE/plugins/com.st.stm32cube.ide.mcu.externaltools.gnu-tools-for-stm32.13.3.rel1.win32_1.0.0.202411081344/tools/bin/../lib/gcc/arm-none-eabi/13.3.1/../../../../arm-none-eabi/lib/thumb/v7e-m+fp/hard\libc_nano.a(libc_a-strncmp.o)
 .debug_frame   0x00001318       0x28 C:/Users/PFFTAH001/OneDrive - University of Cape Town/Desktop/EEE3095S/STM32CubeIDE_1.19.0/STM32CubeIDE/plugins/com.st.stm32cube.ide.mcu.externaltools.gnu-tools-for-stm32.13.3.rel1.win32_1.0.0.202411081344/tools/bin/../lib/gcc/arm-none-eabi/13.3.1/../../../../arm-none-eabi/lib/thumb/v7e-m+fp/hard\libc_nano.a(libc_a-strncpy.o)
 .debug_frame   0x00001340       0x38 C:/Users/PFFTAH001/OneDrive - University of Cape Town/Desktop/EEE3095S/STM32CubeIDE_1.19.0/STM32CubeIDE/plugins/com.st.stm32cube.ide.mcu.externaltools.gnu-tools-for-stm32.13.3.rel1.win32_1.0.0.202411081344/tools/bin/../lib/gcc/arm-none-eabi/13.3.1/../../../../arm-none-eabi/lib/thumb/v7e-m+fp/hard\libc_nano.a(libc_a-reent.o)
 .debug_frame   0x00001378       0x20 C:/Users/PFFTAH001/OneDrive - University of Cape Town/Desktop/EEE3095S/STM32CubeIDE_1.19.0/STM32CubeIDE/plugins/com.st.stm32cube.ide.mcu.externaltools.gnu-tools-for-stm32.13.3.rel1.win32_1.0.0.202411081344/tools/bin/../lib/gcc/arm-none-eabi/13.3.1/../../../../arm-none-eabi/lib/thumb/v7e-m+fp/hard\libc_nano.a(libc_a-errno.o)
 .debug_frame   0x00001398       0x2c C:/Users/PFFTAH001/OneDrive - University of Cape Town/Desktop/EEE3095S/STM32CubeIDE_1.19.0/STM32CubeIDE/plugins/com.st.stm32cube.ide.mcu.externaltools.gnu-tools-for-stm32.13.3.rel1.win32_1.0.0.202411081344/tools/bin/../lib/gcc/arm-none-eabi/13.3.1/../../../../arm-none-eabi/lib/thumb/v7e-m+fp/hard\libc_nano.a(libc_a-init.o)
 .debug_frame   0x000013c4       0xb0 C:/Users/PFFTAH001/OneDrive - University of Cape Town/Desktop/EEE3095S/STM32CubeIDE_1.19.0/STM32CubeIDE/plugins/com.st.stm32cube.ide.mcu.externaltools.gnu-tools-for-stm32.13.3.rel1.win32_1.0.0.202411081344/tools/bin/../lib/gcc/arm-none-eabi/13.3.1/../../../../arm-none-eabi/lib/thumb/v7e-m+fp/hard\libc_nano.a(libc_a-lock.o)
 .debug_frame   0x00001474       0x20 C:/Users/PFFTAH001/OneDrive - University of Cape Town/Desktop/EEE3095S/STM32CubeIDE_1.19.0/STM32CubeIDE/plugins/com.st.stm32cube.ide.mcu.externaltools.gnu-tools-for-stm32.13.3.rel1.win32_1.0.0.202411081344/tools/bin/../lib/gcc/arm-none-eabi/13.3.1/../../../../arm-none-eabi/lib/thumb/v7e-m+fp/hard\libc_nano.a(libc_a-strcmp.o)
 .debug_frame   0x00001494       0x20 C:/Users/PFFTAH001/OneDrive - University of Cape Town/Desktop/EEE3095S/STM32CubeIDE_1.19.0/STM32CubeIDE/plugins/com.st.stm32cube.ide.mcu.externaltools.gnu-tools-for-stm32.13.3.rel1.win32_1.0.0.202411081344/tools/bin/../lib/gcc/arm-none-eabi/13.3.1/../../../../arm-none-eabi/lib/thumb/v7e-m+fp/hard\libc_nano.a(libc_a-strcpy.o)
 .debug_frame   0x000014b4       0x38 C:/Users/PFFTAH001/OneDrive - University of Cape Town/Desktop/EEE3095S/STM32CubeIDE_1.19.0/STM32CubeIDE/plugins/com.st.stm32cube.ide.mcu.externaltools.gnu-tools-for-stm32.13.3.rel1.win32_1.0.0.202411081344/tools/bin/../lib/gcc/arm-none-eabi/13.3.1/../../../../arm-none-eabi/lib/thumb/v7e-m+fp/hard\libc_nano.a(libc_a-freer.o)
 .debug_frame   0x000014ec       0x50 C:/Users/PFFTAH001/OneDrive - University of Cape Town/Desktop/EEE3095S/STM32CubeIDE_1.19.0/STM32CubeIDE/plugins/com.st.stm32cube.ide.mcu.externaltools.gnu-tools-for-stm32.13.3.rel1.win32_1.0.0.202411081344/tools/bin/../lib/gcc/arm-none-eabi/13.3.1/../../../../arm-none-eabi/lib/thumb/v7e-m+fp/hard\libc_nano.a(libc_a-mallocr.o)
 .debug_frame   0x0000153c       0x30 C:/Users/PFFTAH001/OneDrive - University of Cape Town/Desktop/EEE3095S/STM32CubeIDE_1.19.0/STM32CubeIDE/plugins/com.st.stm32cube.ide.mcu.externaltools.gnu-tools-for-stm32.13.3.rel1.win32_1.0.0.202411081344/tools/bin/../lib/gcc/arm-none-eabi/13.3.1/../../../../arm-none-eabi/lib/thumb/v7e-m+fp/hard\libc_nano.a(libc_a-mlock.o)
 .debug_frame   0x0000156c       0x90 C:/Users/PFFTAH001/OneDrive - University of Cape Town/Desktop/EEE3095S/STM32CubeIDE_1.19.0/STM32CubeIDE/plugins/com.st.stm32cube.ide.mcu.externaltools.gnu-tools-for-stm32.13.3.rel1.win32_1.0.0.202411081344/tools/bin/../lib/gcc/arm-none-eabi/13.3.1/../../../../arm-none-eabi/lib/thumb/v7e-m+fp/hard\libc_nano.a(libc_a-nano-svfprintf.o)
 .debug_frame   0x000015fc       0x60 C:/Users/PFFTAH001/OneDrive - University of Cape Town/Desktop/EEE3095S/STM32CubeIDE_1.19.0/STM32CubeIDE/plugins/com.st.stm32cube.ide.mcu.externaltools.gnu-tools-for-stm32.13.3.rel1.win32_1.0.0.202411081344/tools/bin/../lib/gcc/arm-none-eabi/13.3.1/../../../../arm-none-eabi/lib/thumb/v7e-m+fp/hard\libc_nano.a(libc_a-nano-vfprintf_i.o)
 .debug_frame   0x0000165c       0x28 C:/Users/PFFTAH001/OneDrive - University of Cape Town/Desktop/EEE3095S/STM32CubeIDE_1.19.0/STM32CubeIDE/plugins/com.st.stm32cube.ide.mcu.externaltools.gnu-tools-for-stm32.13.3.rel1.win32_1.0.0.202411081344/tools/bin/../lib/gcc/arm-none-eabi/13.3.1/../../../../arm-none-eabi/lib/thumb/v7e-m+fp/hard\libc_nano.a(libc_a-memmove.o)
 .debug_frame   0x00001684       0x2c C:/Users/PFFTAH001/OneDrive - University of Cape Town/Desktop/EEE3095S/STM32CubeIDE_1.19.0/STM32CubeIDE/plugins/com.st.stm32cube.ide.mcu.externaltools.gnu-tools-for-stm32.13.3.rel1.win32_1.0.0.202411081344/tools/bin/../lib/gcc/arm-none-eabi/13.3.1/../../../../arm-none-eabi/lib/thumb/v7e-m+fp/hard\libc_nano.a(libc_a-sbrkr.o)
 .debug_frame   0x000016b0       0x28 C:/Users/PFFTAH001/OneDrive - University of Cape Town/Desktop/EEE3095S/STM32CubeIDE_1.19.0/STM32CubeIDE/plugins/com.st.stm32cube.ide.mcu.externaltools.gnu-tools-for-stm32.13.3.rel1.win32_1.0.0.202411081344/tools/bin/../lib/gcc/arm-none-eabi/13.3.1/../../../../arm-none-eabi/lib/thumb/v7e-m+fp/hard\libc_nano.a(libc_a-memcpy-stub.o)
 .debug_frame   0x000016d8       0x3c C:/Users/PFFTAH001/OneDrive - University of Cape Town/Desktop/EEE3095S/STM32CubeIDE_1.19.0/STM32CubeIDE/plugins/com.st.stm32cube.ide.mcu.externaltools.gnu-tools-for-stm32.13.3.rel1.win32_1.0.0.202411081344/tools/bin/../lib/gcc/arm-none-eabi/13.3.1/../../../../arm-none-eabi/lib/thumb/v7e-m+fp/hard\libc_nano.a(libc_a-reallocr.o)
 .debug_frame   0x00001714       0x20 C:/Users/PFFTAH001/OneDrive - University of Cape Town/Desktop/EEE3095S/STM32CubeIDE_1.19.0/STM32CubeIDE/plugins/com.st.stm32cube.ide.mcu.externaltools.gnu-tools-for-stm32.13.3.rel1.win32_1.0.0.202411081344/tools/bin/../lib/gcc/arm-none-eabi/13.3.1/../../../../arm-none-eabi/lib/thumb/v7e-m+fp/hard\libc_nano.a(libc_a-msizer.o)
 .debug_frame   0x00001734       0x2c C:/Users/PFFTAH001/OneDrive - University of Cape Town/Desktop/EEE3095S/STM32CubeIDE_1.19.0/STM32CubeIDE/plugins/com.st.stm32cube.ide.mcu.externaltools.gnu-tools-for-stm32.13.3.rel1.win32_1.0.0.202411081344/tools/bin/../lib/gcc/arm-none-eabi/13.3.1/thumb/v7e-m+fp/hard\libgcc.a(_aeabi_uldivmod.o)
 .debug_frame   0x00001760       0x34 C:/Users/PFFTAH001/OneDrive - University of Cape Town/Desktop/EEE3095S/STM32CubeIDE_1.19.0/STM32CubeIDE/plugins/com.st.stm32cube.ide.mcu.externaltools.gnu-tools-for-stm32.13.3.rel1.win32_1.0.0.202411081344/tools/bin/../lib/gcc/arm-none-eabi/13.3.1/thumb/v7e-m+fp/hard\libgcc.a(_udivmoddi4.o)

Cross Reference Table

Symbol                                            File
ADC_IRQHandler                                    build/startup_stm32f446xx.o
AHBPrescTable                                     build/system_stm32f4xx.o
                                                  build/stm32f4xx_hal_rcc.o
APBPrescTable                                     build/system_stm32f4xx.o
                                                  build/stm32f4xx_hal_rcc.o
BusFault_Handler                                  build/stm32f4xx_it.o
CAN1_RX0_IRQHandler                               build/startup_stm32f446xx.o
CAN1_RX1_IRQHandler                               build/startup_stm32f446xx.o
CAN1_SCE_IRQHandler                               build/startup_stm32f446xx.o
CAN1_TX_IRQHandler                                build/startup_stm32f446xx.o
CAN2_RX0_IRQHandler                               build/startup_stm32f446xx.o
CAN2_RX1_IRQHandler                               build/startup_stm32f446xx.o
CAN2_SCE_IRQHandler                               build/startup_stm32f446xx.o
CAN2_TX_IRQHandler                                build/startup_stm32f446xx.o
CEC_IRQHandler                                    build/startup_stm32f446xx.o
DCMI_IRQHandler                                   build/startup_stm32f446xx.o
DMA1_Stream0_IRQHandler                           build/startup_stm32f446xx.o
DMA1_Stream1_IRQHandler                           build/startup_stm32f446xx.o
DMA1_Stream2_IRQHandler                           build/startup_stm32f446xx.o
DMA1_Stream3_IRQHandler                           build/startup_stm32f446xx.o
DMA1_Stream4_IRQHandler                           build/startup_stm32f446xx.o
DMA1_Stream5_IRQHandler                           build/startup_stm32f446xx.o
DMA1_Stream6_IRQHandler                           build/startup_stm32f446xx.o
DMA1_Stream7_IRQHandler                           build/startup_stm32f446xx.o
DMA2_Stream0_IRQHandler                           build/startup_stm32f446xx.o
DMA2_Stream1_IRQHandler                           build/startup_stm32f446xx.o
DMA2_Stream2_IRQHandler                           build/startup_stm32f446xx.o
DMA2_Stream3_IRQHandler                           build/startup_stm32f446xx.o
DMA2_Stream4_IRQHandler                           build/startup_stm32f446xx.o
DMA2_Stream5_IRQHandler                           build/startup_stm32f446xx.o
DMA2_Stream6_IRQHandler                           build/startup_stm32f446xx.o
DMA2_Stream7_IRQHandler                           build/startup_stm32f446xx.o
DebugMon_Handler                                  build/stm32f4xx_it.o
Default_Handler                                   build/startup_stm32f446xx.o
EXTI0_IRQHandler                                  build/startup_stm32f446xx.o
EXTI15_10_IRQHandler                              build/startup_stm32f446xx.o
EXTI1_IRQHandler                                  build/startup_stm32f446xx.o
EXTI2_IRQHandler                                  build/startup_stm32f446xx.o
EXTI3_IRQHandler                                  build/startup_stm32f446xx.o
EXTI4_IRQHandler                                  build/startup_stm32f446xx.o
EXTI9_5_IRQHandler                                build/startup_stm32f446xx.o
Error_Handler                                     build/main.o
FLASH_Erase_Sector                                build/stm32f4xx_hal_flash_ex.o
                                                  build/stm32f4xx_hal_flash.o
FLASH_FlushCaches                                 build/stm32f4xx_hal_flash_ex.o
                                                  build/stm32f4xx_hal_flash.o
FLASH_IRQHandler                                  build/startup_stm32f446xx.o
FLASH_WaitForLastOperation                        build/stm32f4xx_hal_flash.o
                                                  build/stm32f4xx_hal_flash_ex.o
FMC_IRQHandler                                    build/startup_stm32f446xx.o
FMPI2C1_ER_IRQHandler                             build/startup_stm32f446xx.o
FMPI2C1_EV_IRQHandler                             build/startup_stm32f446xx.o
FPU_IRQHandler                                    build/startup_stm32f446xx.o
HAL_CORTEX_ClearEvent                             build/stm32f4xx_hal_cortex.o
HAL_DBGMCU_DisableDBGSleepMode                    build/stm32f4xx_hal.o
HAL_DBGMCU_DisableDBGStandbyMode                  build/stm32f4xx_hal.o
HAL_DBGMCU_DisableDBGStopMode                     build/stm32f4xx_hal.o
HAL_DBGMCU_EnableDBGSleepMode                     build/stm32f4xx_hal.o
HAL_DBGMCU_EnableDBGStandbyMode                   build/stm32f4xx_hal.o
HAL_DBGMCU_EnableDBGStopMode                      build/stm32f4xx_hal.o
HAL_DMAEx_ChangeMemory                            build/stm32f4xx_hal_dma_ex.o
HAL_DMAEx_MultiBufferStart                        build/stm32f4xx_hal_dma_ex.o
HAL_DMAEx_MultiBufferStart_IT                     build/stm32f4xx_hal_dma_ex.o
HAL_DMA_Abort                                     build/stm32f4xx_hal_dma.o
                                                  build/stm32f4xx_hal_uart.o
HAL_DMA_Abort_IT                                  build/stm32f4xx_hal_dma.o
                                                  build/stm32f4xx_hal_uart.o
HAL_DMA_DeInit                                    build/stm32f4xx_hal_dma.o
HAL_DMA_GetError                                  build/stm32f4xx_hal_dma.o
                                                  build/stm32f4xx_hal_uart.o
HAL_DMA_GetState                                  build/stm32f4xx_hal_dma.o
HAL_DMA_IRQHandler                                build/stm32f4xx_hal_dma.o
HAL_DMA_Init                                      build/stm32f4xx_hal_dma.o
HAL_DMA_PollForTransfer                           build/stm32f4xx_hal_dma.o
HAL_DMA_RegisterCallback                          build/stm32f4xx_hal_dma.o
HAL_DMA_Start                                     build/stm32f4xx_hal_dma.o
HAL_DMA_Start_IT                                  build/stm32f4xx_hal_dma.o
                                                  build/stm32f4xx_hal_uart.o
HAL_DMA_UnRegisterCallback                        build/stm32f4xx_hal_dma.o
HAL_DeInit                                        build/stm32f4xx_hal.o
HAL_Delay                                         build/stm32f4xx_hal.o
HAL_DisableCompensationCell                       build/stm32f4xx_hal.o
HAL_EXTI_ClearConfigLine                          build/stm32f4xx_hal_exti.o
HAL_EXTI_ClearPending                             build/stm32f4xx_hal_exti.o
HAL_EXTI_GenerateSWI                              build/stm32f4xx_hal_exti.o
HAL_EXTI_GetConfigLine                            build/stm32f4xx_hal_exti.o
HAL_EXTI_GetHandle                                build/stm32f4xx_hal_exti.o
HAL_EXTI_GetPending                               build/stm32f4xx_hal_exti.o
HAL_EXTI_IRQHandler                               build/stm32f4xx_hal_exti.o
HAL_EXTI_RegisterCallback                         build/stm32f4xx_hal_exti.o
HAL_EXTI_SetConfigLine                            build/stm32f4xx_hal_exti.o
HAL_EnableCompensationCell                        build/stm32f4xx_hal.o
HAL_FLASHEx_AdvOBGetConfig                        build/stm32f4xx_hal_flash_ex.o
HAL_FLASHEx_AdvOBProgram                          build/stm32f4xx_hal_flash_ex.o
HAL_FLASHEx_DisableFlashSleepMode                 build/stm32f4xx_hal_flash_ramfunc.o
HAL_FLASHEx_EnableFlashSleepMode                  build/stm32f4xx_hal_flash_ramfunc.o
HAL_FLASHEx_Erase                                 build/stm32f4xx_hal_flash_ex.o
HAL_FLASHEx_Erase_IT                              build/stm32f4xx_hal_flash_ex.o
HAL_FLASHEx_OBGetConfig                           build/stm32f4xx_hal_flash_ex.o
HAL_FLASHEx_OBProgram                             build/stm32f4xx_hal_flash_ex.o
HAL_FLASHEx_OB_DeSelectPCROP                      build/stm32f4xx_hal_flash_ex.o
HAL_FLASHEx_OB_SelectPCROP                        build/stm32f4xx_hal_flash_ex.o
HAL_FLASHEx_StartFlashInterfaceClk                build/stm32f4xx_hal_flash_ramfunc.o
HAL_FLASHEx_StopFlashInterfaceClk                 build/stm32f4xx_hal_flash_ramfunc.o
HAL_FLASH_EndOfOperationCallback                  build/stm32f4xx_hal_flash.o
HAL_FLASH_GetError                                build/stm32f4xx_hal_flash.o
HAL_FLASH_IRQHandler                              build/stm32f4xx_hal_flash.o
HAL_FLASH_Lock                                    build/stm32f4xx_hal_flash.o
HAL_FLASH_OB_Launch                               build/stm32f4xx_hal_flash.o
HAL_FLASH_OB_Lock                                 build/stm32f4xx_hal_flash.o
HAL_FLASH_OB_Unlock                               build/stm32f4xx_hal_flash.o
HAL_FLASH_OperationErrorCallback                  build/stm32f4xx_hal_flash.o
HAL_FLASH_Program                                 build/stm32f4xx_hal_flash.o
HAL_FLASH_Program_IT                              build/stm32f4xx_hal_flash.o
HAL_FLASH_Unlock                                  build/stm32f4xx_hal_flash.o
HAL_GPIO_DeInit                                   build/stm32f4xx_hal_gpio.o
                                                  build/stm32f4xx_hal_msp.o
HAL_GPIO_EXTI_Callback                            build/stm32f4xx_hal_gpio.o
HAL_GPIO_EXTI_IRQHandler                          build/stm32f4xx_hal_gpio.o
HAL_GPIO_Init                                     build/stm32f4xx_hal_gpio.o
                                                  build/stm32f4xx_hal_rcc.o
                                                  build/stm32f4xx_hal_msp.o
                                                  build/main.o
HAL_GPIO_LockPin                                  build/stm32f4xx_hal_gpio.o
HAL_GPIO_ReadPin                                  build/stm32f4xx_hal_gpio.o
HAL_GPIO_TogglePin                                build/stm32f4xx_hal_gpio.o
HAL_GPIO_WritePin                                 build/stm32f4xx_hal_gpio.o
                                                  build/main.o
HAL_GetDEVID                                      build/stm32f4xx_hal.o
HAL_GetHalVersion                                 build/stm32f4xx_hal.o
HAL_GetREVID                                      build/stm32f4xx_hal.o
HAL_GetTick                                       build/stm32f4xx_hal.o
                                                  build/stm32f4xx_hal_pwr_ex.o
                                                  build/stm32f4xx_hal_dma.o
                                                  build/stm32f4xx_hal_flash.o
                                                  build/stm32f4xx_hal_rcc_ex.o
                                                  build/stm32f4xx_hal_rcc.o
                                                  build/stm32f4xx_hal_uart.o
HAL_GetTickFreq                                   build/stm32f4xx_hal.o
HAL_GetTickPrio                                   build/stm32f4xx_hal.o
HAL_GetUIDw0                                      build/stm32f4xx_hal.o
HAL_GetUIDw1                                      build/stm32f4xx_hal.o
HAL_GetUIDw2                                      build/stm32f4xx_hal.o
HAL_HalfDuplex_EnableReceiver                     build/stm32f4xx_hal_uart.o
HAL_HalfDuplex_EnableTransmitter                  build/stm32f4xx_hal_uart.o
HAL_HalfDuplex_Init                               build/stm32f4xx_hal_uart.o
HAL_IncTick                                       build/stm32f4xx_hal.o
                                                  build/stm32f4xx_it.o
HAL_Init                                          build/stm32f4xx_hal.o
                                                  build/main.o
HAL_InitTick                                      build/stm32f4xx_hal.o
                                                  build/stm32f4xx_hal_rcc_ex.o
                                                  build/stm32f4xx_hal_rcc.o
HAL_LIN_Init                                      build/stm32f4xx_hal_uart.o
HAL_LIN_SendBreak                                 build/stm32f4xx_hal_uart.o
HAL_MPU_ConfigRegion                              build/stm32f4xx_hal_cortex.o
HAL_MPU_Disable                                   build/stm32f4xx_hal_cortex.o
HAL_MPU_DisableRegion                             build/stm32f4xx_hal_cortex.o
HAL_MPU_Enable                                    build/stm32f4xx_hal_cortex.o
HAL_MPU_EnableRegion                              build/stm32f4xx_hal_cortex.o
HAL_MspDeInit                                     build/stm32f4xx_hal.o
HAL_MspInit                                       build/stm32f4xx_hal_msp.o
HAL_MultiProcessor_EnterMuteMode                  build/stm32f4xx_hal_uart.o
HAL_MultiProcessor_ExitMuteMode                   build/stm32f4xx_hal_uart.o
HAL_MultiProcessor_Init                           build/stm32f4xx_hal_uart.o
HAL_NVIC_ClearPendingIRQ                          build/stm32f4xx_hal_cortex.o
HAL_NVIC_DisableIRQ                               build/stm32f4xx_hal_cortex.o
                                                  build/stm32f4xx_hal_msp.o
HAL_NVIC_EnableIRQ                                build/stm32f4xx_hal_cortex.o
                                                  build/stm32f4xx_hal_msp.o
HAL_NVIC_GetActive                                build/stm32f4xx_hal_cortex.o
HAL_NVIC_GetPendingIRQ                            build/stm32f4xx_hal_cortex.o
HAL_NVIC_GetPriority                              build/stm32f4xx_hal_cortex.o
HAL_NVIC_GetPriorityGrouping                      build/stm32f4xx_hal_cortex.o
HAL_NVIC_SetPendingIRQ                            build/stm32f4xx_hal_cortex.o
HAL_NVIC_SetPriority                              build/stm32f4xx_hal_cortex.o
                                                  build/stm32f4xx_hal.o
                                                  build/stm32f4xx_hal_msp.o
HAL_NVIC_SetPriorityGrouping                      build/stm32f4xx_hal_cortex.o
                                                  build/stm32f4xx_hal.o
HAL_NVIC_SystemReset                              build/stm32f4xx_hal_cortex.o
HAL_PWREx_ControlVoltageScaling                   build/stm32f4xx_hal_pwr_ex.o
HAL_PWREx_DisableBkUpReg                          build/stm32f4xx_hal_pwr_ex.o
HAL_PWREx_DisableFlashPowerDown                   build/stm32f4xx_hal_pwr_ex.o
HAL_PWREx_DisableOverDrive                        build/stm32f4xx_hal_pwr_ex.o
HAL_PWREx_EnableBkUpReg                           build/stm32f4xx_hal_pwr_ex.o
HAL_PWREx_EnableFlashPowerDown                    build/stm32f4xx_hal_pwr_ex.o
HAL_PWREx_EnableOverDrive                         build/stm32f4xx_hal_pwr_ex.o
HAL_PWREx_EnterUnderDriveSTOPMode                 build/stm32f4xx_hal_pwr_ex.o
HAL_PWREx_GetVoltageRange                         build/stm32f4xx_hal_pwr_ex.o
HAL_PWR_ConfigPVD                                 build/stm32f4xx_hal_pwr.o
HAL_PWR_DeInit                                    build/stm32f4xx_hal_pwr.o
HAL_PWR_DisableBkUpAccess                         build/stm32f4xx_hal_pwr.o
HAL_PWR_DisablePVD                                build/stm32f4xx_hal_pwr.o
HAL_PWR_DisableSEVOnPend                          build/stm32f4xx_hal_pwr.o
HAL_PWR_DisableSleepOnExit                        build/stm32f4xx_hal_pwr.o
HAL_PWR_DisableWakeUpPin                          build/stm32f4xx_hal_pwr.o
HAL_PWR_EnableBkUpAccess                          build/stm32f4xx_hal_pwr.o
HAL_PWR_EnablePVD                                 build/stm32f4xx_hal_pwr.o
HAL_PWR_EnableSEVOnPend                           build/stm32f4xx_hal_pwr.o
HAL_PWR_EnableSleepOnExit                         build/stm32f4xx_hal_pwr.o
HAL_PWR_EnableWakeUpPin                           build/stm32f4xx_hal_pwr.o
HAL_PWR_EnterSLEEPMode                            build/stm32f4xx_hal_pwr.o
HAL_PWR_EnterSTANDBYMode                          build/stm32f4xx_hal_pwr.o
HAL_PWR_EnterSTOPMode                             build/stm32f4xx_hal_pwr.o
HAL_PWR_PVDCallback                               build/stm32f4xx_hal_pwr.o
HAL_PWR_PVD_IRQHandler                            build/stm32f4xx_hal_pwr.o
HAL_RCCEx_DisablePLLI2S                           build/stm32f4xx_hal_rcc_ex.o
HAL_RCCEx_DisablePLLSAI                           build/stm32f4xx_hal_rcc_ex.o
HAL_RCCEx_EnablePLLI2S                            build/stm32f4xx_hal_rcc_ex.o
HAL_RCCEx_EnablePLLSAI                            build/stm32f4xx_hal_rcc_ex.o
HAL_RCCEx_GetPeriphCLKConfig                      build/stm32f4xx_hal_rcc_ex.o
HAL_RCCEx_GetPeriphCLKFreq                        build/stm32f4xx_hal_rcc_ex.o
HAL_RCCEx_PeriphCLKConfig                         build/stm32f4xx_hal_rcc_ex.o
HAL_RCCEx_SelectLSEMode                           build/stm32f4xx_hal_rcc_ex.o
HAL_RCC_CSSCallback                               build/stm32f4xx_hal_rcc.o
HAL_RCC_ClockConfig                               build/stm32f4xx_hal_rcc.o
                                                  build/main.o
HAL_RCC_DeInit                                    build/stm32f4xx_hal_rcc_ex.o
                                                  build/stm32f4xx_hal_rcc.o
HAL_RCC_DisableCSS                                build/stm32f4xx_hal_rcc.o
HAL_RCC_EnableCSS                                 build/stm32f4xx_hal_rcc.o
HAL_RCC_GetClockConfig                            build/stm32f4xx_hal_rcc.o
HAL_RCC_GetHCLKFreq                               build/stm32f4xx_hal_rcc.o
HAL_RCC_GetOscConfig                              build/stm32f4xx_hal_rcc_ex.o
                                                  build/stm32f4xx_hal_rcc.o
HAL_RCC_GetPCLK1Freq                              build/stm32f4xx_hal_rcc.o
                                                  build/stm32f4xx_hal_uart.o
HAL_RCC_GetPCLK2Freq                              build/stm32f4xx_hal_rcc.o
                                                  build/stm32f4xx_hal_uart.o
HAL_RCC_GetSysClockFreq                           build/stm32f4xx_hal_rcc_ex.o
                                                  build/stm32f4xx_hal_rcc.o
HAL_RCC_MCOConfig                                 build/stm32f4xx_hal_rcc.o
HAL_RCC_NMI_IRQHandler                            build/stm32f4xx_hal_rcc.o
HAL_RCC_OscConfig                                 build/stm32f4xx_hal_rcc_ex.o
                                                  build/stm32f4xx_hal_rcc.o
                                                  build/main.o
HAL_ResumeTick                                    build/stm32f4xx_hal.o
HAL_SYSTICK_CLKSourceConfig                       build/stm32f4xx_hal_cortex.o
HAL_SYSTICK_Callback                              build/stm32f4xx_hal_cortex.o
HAL_SYSTICK_Config                                build/stm32f4xx_hal_cortex.o
                                                  build/stm32f4xx_hal.o
HAL_SYSTICK_IRQHandler                            build/stm32f4xx_hal_cortex.o
HAL_SetTickFreq                                   build/stm32f4xx_hal.o
HAL_SuspendTick                                   build/stm32f4xx_hal.o
HAL_UARTEx_GetRxEventType                         build/stm32f4xx_hal_uart.o
HAL_UARTEx_ReceiveToIdle                          build/stm32f4xx_hal_uart.o
HAL_UARTEx_ReceiveToIdle_DMA                      build/stm32f4xx_hal_uart.o
HAL_UARTEx_ReceiveToIdle_IT                       build/stm32f4xx_hal_uart.o
HAL_UARTEx_RxEventCallback                        build/stm32f4xx_hal_uart.o
HAL_UART_Abort                                    build/stm32f4xx_hal_uart.o
HAL_UART_AbortCpltCallback                        build/stm32f4xx_hal_uart.o
HAL_UART_AbortReceive                             build/stm32f4xx_hal_uart.o
HAL_UART_AbortReceiveCpltCallback                 build/stm32f4xx_hal_uart.o
HAL_UART_AbortReceive_IT                          build/stm32f4xx_hal_uart.o
HAL_UART_AbortTransmit                            build/stm32f4xx_hal_uart.o
HAL_UART_AbortTransmitCpltCallback                build/stm32f4xx_hal_uart.o
HAL_UART_AbortTransmit_IT                         build/stm32f4xx_hal_uart.o
HAL_UART_Abort_IT                                 build/stm32f4xx_hal_uart.o
HAL_UART_DMAPause                                 build/stm32f4xx_hal_uart.o